.next/types/validator.ts(25,44): error TS2344: Type 'Route' does not satisfy the constraint 'never'.
  Type '"/"' is not assignable to type 'never'.
.next/types/validator.ts(25,75): error TS2344: Type 'Route' does not satisfy the constraint 'never'.
  Type '"/"' is not assignable to type 'never'.
.next/types/validator.ts(369,31): error TS2344: Type 'typeof import("C:/Users/LENOVO/Finalization/Finalmente-NexusAlpri/src/app/api/analytics/quiz/[quizId]/route")' does not satisfy the constraint 'RouteHandlerConfig<"/api/analytics/quiz/[quizId]">'.
  Types of property 'GET' are incompatible.
    Type '(req: NextRequest, { params }: { params: { quizId: string; }; }) => Promise<NextResponse<{ message: string; }> | NextResponse<{ quizTitle: string; totalAttempts: number; averageScore: number; questionAnalytics: never[]; }> | NextResponse<...>>' is not assignable to type '(request: NextRequest, context: { params: Promise<{ quizId: string; }>; }) => void | Response | Promise<void | Response>'.
      Types of parameters '__1' and 'context' are incompatible.
        Type '{ params: Promise<{ quizId: string; }>; }' is not assignable to type '{ params: { quizId: string; }; }'.
          Types of property 'params' are incompatible.
            Property 'quizId' is missing in type 'Promise<{ quizId: string; }>' but required in type '{ quizId: string; }'.
.next/types/validator.ts(378,31): error TS2344: Type 'typeof import("C:/Users/LENOVO/Finalization/Finalmente-NexusAlpri/src/app/api/announcements/[id]/react/route")' does not satisfy the constraint 'RouteHandlerConfig<"/api/announcements/[id]/react">'.
  Types of property 'POST' are incompatible.
    Type '(req: NextRequest, { params }: { params: { id: string; }; }) => Promise<NextResponse<{ id: string; createdAt: Date; userId: string; announcementId: string; reaction: string; }> | NextResponse<...>>' is not assignable to type '(request: NextRequest, context: { params: Promise<{ id: string; }>; }) => void | Response | Promise<void | Response>'.
      Types of parameters '__1' and 'context' are incompatible.
        Type '{ params: Promise<{ id: string; }>; }' is not assignable to type '{ params: { id: string; }; }'.
          Types of property 'params' are incompatible.
            Property 'id' is missing in type 'Promise<{ id: string; }>' but required in type '{ id: string; }'.
.next/types/validator.ts(387,31): error TS2344: Type 'typeof import("C:/Users/LENOVO/Finalization/Finalmente-NexusAlpri/src/app/api/announcements/[id]/read/route")' does not satisfy the constraint 'RouteHandlerConfig<"/api/announcements/[id]/read">'.
  Types of property 'POST' are incompatible.
    Type '(req: NextRequest, { params }: { params: { id: string; }; }) => Promise<NextResponse<unknown>>' is not assignable to type '(request: NextRequest, context: { params: Promise<{ id: string; }>; }) => void | Response | Promise<void | Response>'.
      Types of parameters '__1' and 'context' are incompatible.
        Type '{ params: Promise<{ id: string; }>; }' is not assignable to type '{ params: { id: string; }; }'.
          Types of property 'params' are incompatible.
            Property 'id' is missing in type 'Promise<{ id: string; }>' but required in type '{ id: string; }'.
.next/types/validator.ts(396,31): error TS2344: Type 'typeof import("C:/Users/LENOVO/Finalization/Finalmente-NexusAlpri/src/app/api/announcements/[id]/route")' does not satisfy the constraint 'RouteHandlerConfig<"/api/announcements/[id]">'.
  Types of property 'GET' are incompatible.
    Type '(req: NextRequest, { params }: { params: { id: string; }; }) => Promise<NextResponse<{ message: string; }> | NextResponse<{ author: { id: string; name: string; role: UserRole; }; attachments: { ...; }[]; } & { ...; }>>' is not assignable to type '(request: NextRequest, context: { params: Promise<{ id: string; }>; }) => void | Response | Promise<void | Response>'.
      Types of parameters '__1' and 'context' are incompatible.
        Type '{ params: Promise<{ id: string; }>; }' is not assignable to type '{ params: { id: string; }; }'.
          Types of property 'params' are incompatible.
            Property 'id' is missing in type 'Promise<{ id: string; }>' but required in type '{ id: string; }'.
.next/types/validator.ts(468,31): error TS2344: Type 'typeof import("C:/Users/LENOVO/Finalization/Finalmente-NexusAlpri/src/app/api/courses/[courseId]/comments/route")' does not satisfy the constraint 'RouteHandlerConfig<"/api/courses/[courseId]/comments">'.
  Types of property 'GET' are incompatible.
    Type '(req: NextRequest, { params }: { params: { courseId: string; }; }) => Promise<NextResponse<{ message: string; }> | NextResponse<({ author: { id: string; name: string; avatar: string | null; role: UserRole; }; attachments: { ...; }[]; } & { ...; })[]>>' is not assignable to type '(request: NextRequest, context: { params: Promise<{ courseId: string; }>; }) => void | Response | Promise<void | Response>'.
      Types of parameters '__1' and 'context' are incompatible.
        Type '{ params: Promise<{ courseId: string; }>; }' is not assignable to type '{ params: { courseId: string; }; }'.
          Types of property 'params' are incompatible.
            Property 'courseId' is missing in type 'Promise<{ courseId: string; }>' but required in type '{ courseId: string; }'.
.next/types/validator.ts(477,31): error TS2344: Type 'typeof import("C:/Users/LENOVO/Finalization/Finalmente-NexusAlpri/src/app/api/courses/[courseId]/route")' does not satisfy the constraint 'RouteHandlerConfig<"/api/courses/[courseId]">'.
  Types of property 'GET' are incompatible.
    Type '(req: NextRequest, { params }: { params: { courseId: string; }; }) => Promise<NextResponse<{ message: string; }> | NextResponse<{ modules: ({ lessons: ({ contentBlocks: ({ quiz: ({ ...; } & { ...; }) | null; } & { ...; })[]; } & { ...; })[]; } & { ...; })[]; ... 16 more ...; certificateTemplateId: string | null; }>>' is not assignable to type '(request: NextRequest, context: { params: Promise<{ courseId: string; }>; }) => void | Response | Promise<void | Response>'.
      Types of parameters '__1' and 'context' are incompatible.
        Type '{ params: Promise<{ courseId: string; }>; }' is not assignable to type '{ params: { courseId: string; }; }'.
          Types of property 'params' are incompatible.
            Property 'courseId' is missing in type 'Promise<{ courseId: string; }>' but required in type '{ courseId: string; }'.
.next/types/validator.ts(486,31): error TS2344: Type 'typeof import("C:/Users/LENOVO/Finalization/Finalmente-NexusAlpri/src/app/api/courses/[courseId]/status/route")' does not satisfy the constraint 'RouteHandlerConfig<"/api/courses/[courseId]/status">'.
  Types of property 'PATCH' are incompatible.
    Type '(req: NextRequest, { params }: { params: { courseId: string; }; }) => Promise<NextResponse<{ id: string; updatedAt: Date; description: string | null; title: string; createdAt: Date; imageUrl: string | null; ... 8 more ...; certificateTemplateId: string | null; }> | NextResponse<...>>' is not assignable to type '(request: NextRequest, context: { params: Promise<{ courseId: string; }>; }) => void | Response | Promise<void | Response>'.
      Types of parameters '__1' and 'context' are incompatible.
        Type '{ params: Promise<{ courseId: string; }>; }' is not assignable to type '{ params: { courseId: string; }; }'.
          Types of property 'params' are incompatible.
            Property 'courseId' is missing in type 'Promise<{ courseId: string; }>' but required in type '{ courseId: string; }'.
.next/types/validator.ts(549,31): error TS2344: Type 'typeof import("C:/Users/LENOVO/Finalization/Finalmente-NexusAlpri/src/app/api/enrollment/[userId]/route")' does not satisfy the constraint 'RouteHandlerConfig<"/api/enrollment/[userId]">'.
  Types of property 'GET' are incompatible.
    Type '(req: NextRequest, { params }: { params: { userId: string; }; }) => Promise<NextResponse<{ message: string; }> | NextResponse<{ course: { instructor: { id: string; name: string; avatar: string | null; }; ... 15 more ...; certificateTemplateId: string | null; }; ... 5 more ...; enrolledAt: Date; }[]>>' is not assignable to type '(request: NextRequest, context: { params: Promise<{ userId: string; }>; }) => void | Response | Promise<void | Response>'.
      Types of parameters '__1' and 'context' are incompatible.
        Type '{ params: Promise<{ userId: string; }>; }' is not assignable to type '{ params: { userId: string; }; }'.
          Types of property 'params' are incompatible.
            Property 'userId' is missing in type 'Promise<{ userId: string; }>' but required in type '{ userId: string; }'.
.next/types/validator.ts(558,31): error TS2344: Type 'typeof import("C:/Users/LENOVO/Finalization/Finalmente-NexusAlpri/src/app/api/enrollment/status/[userId]/[courseId]/route")' does not satisfy the constraint 'RouteHandlerConfig<"/api/enrollment/status/[userId]/[courseId]">'.
  Types of property 'GET' are incompatible.
    Type '(req: NextRequest, { params }: { params: { userId: string; courseId: string; }; }) => Promise<NextResponse<{ message: string; }> | NextResponse<{ isEnrolled: boolean; enrollmentId: string | null; }>>' is not assignable to type '(request: NextRequest, context: { params: Promise<{ userId: string; courseId: string; }>; }) => void | Response | Promise<void | Response>'.
      Types of parameters '__1' and 'context' are incompatible.
        Type '{ params: Promise<{ userId: string; courseId: string; }>; }' is not assignable to type '{ params: { userId: string; courseId: string; }; }'.
          Types of property 'params' are incompatible.
            Type 'Promise<{ userId: string; courseId: string; }>' is missing the following properties from type '{ userId: string; courseId: string; }': userId, courseId
.next/types/validator.ts(576,31): error TS2344: Type 'typeof import("C:/Users/LENOVO/Finalization/Finalmente-NexusAlpri/src/app/api/enrollments/course/[courseId]/details/route")' does not satisfy the constraint 'RouteHandlerConfig<"/api/enrollments/course/[courseId]/details">'.
  Types of property 'GET' are incompatible.
    Type '(req: NextRequest, { params }: { params: { courseId: string; }; }) => Promise<NextResponse<{ message: string; }> | NextResponse<{ enrollments: ({ progress: { progressPercentage: number; lastActivity: null; completedAt: null; completedLessons: never[]; avgQuizScore: null; }; ... 4 more ...; enrolledAt: Date; } | { .....' is not assignable to type '(request: NextRequest, context: { params: Promise<{ courseId: string; }>; }) => void | Response | Promise<void | Response>'.
      Types of parameters '__1' and 'context' are incompatible.
        Type '{ params: Promise<{ courseId: string; }>; }' is not assignable to type '{ params: { courseId: string; }; }'.
          Types of property 'params' are incompatible.
            Property 'courseId' is missing in type 'Promise<{ courseId: string; }>' but required in type '{ courseId: string; }'.
.next/types/validator.ts(585,31): error TS2344: Type 'typeof import("C:/Users/LENOVO/Finalization/Finalmente-NexusAlpri/src/app/api/enrollments/course/[courseId]/route")' does not satisfy the constraint 'RouteHandlerConfig<"/api/enrollments/course/[courseId]">'.
  Types of property 'GET' are incompatible.
    Type '(req: NextRequest, { params }: { params: { courseId: string; }; }) => Promise<NextResponse<{ message: string; }> | NextResponse<({ user: { id: string; name: string; email: string; avatar: string | null; }; } & { ...; })[]>>' is not assignable to type '(request: NextRequest, context: { params: Promise<{ courseId: string; }>; }) => void | Response | Promise<void | Response>'.
      Types of parameters '__1' and 'context' are incompatible.
        Type '{ params: Promise<{ courseId: string; }>; }' is not assignable to type '{ params: { courseId: string; }; }'.
          Types of property 'params' are incompatible.
            Property 'courseId' is missing in type 'Promise<{ courseId: string; }>' but required in type '{ courseId: string; }'.
.next/types/validator.ts(603,31): error TS2344: Type 'typeof import("C:/Users/LENOVO/Finalization/Finalmente-NexusAlpri/src/app/api/events/[id]/route")' does not satisfy the constraint 'RouteHandlerConfig<"/api/events/[id]">'.
  Types of property 'PUT' are incompatible.
    Type '(req: NextRequest, { params }: { params: { id: string; }; }) => Promise<NextResponse<{ message: string; }> | NextResponse<{ creator: { id: string; name: string; }; attendees: { id: string; name: string; email: string; }[]; } & { ...; }>>' is not assignable to type '(request: NextRequest, context: { params: Promise<{ id: string; }>; }) => void | Response | Promise<void | Response>'.
      Types of parameters '__1' and 'context' are incompatible.
        Type '{ params: Promise<{ id: string; }>; }' is not assignable to type '{ params: { id: string; }; }'.
          Types of property 'params' are incompatible.
            Property 'id' is missing in type 'Promise<{ id: string; }>' but required in type '{ id: string; }'.
.next/types/validator.ts(639,31): error TS2344: Type 'typeof import("C:/Users/LENOVO/Finalization/Finalmente-NexusAlpri/src/app/api/forms/[id]/route")' does not satisfy the constraint 'RouteHandlerConfig<"/api/forms/[id]">'.
  Types of property 'GET' are incompatible.
    Type '(request: Request, { params }: { params: { id: string; }; }) => Promise<NextResponse<{ message: string; }> | NextResponse<{ fields: { options: any; order: number; id: string; imageUrl: string | null; ... 4 more ...; placeholder: string | null; }[]; ... 14 more ...; timerStyle: string | null; }>>' is not assignable to type '(request: NextRequest, context: { params: Promise<{ id: string; }>; }) => void | Response | Promise<void | Response>'.
      Types of parameters '__1' and 'context' are incompatible.
        Type '{ params: Promise<{ id: string; }>; }' is not assignable to type '{ params: { id: string; }; }'.
          Types of property 'params' are incompatible.
            Property 'id' is missing in type 'Promise<{ id: string; }>' but required in type '{ id: string; }'.
.next/types/validator.ts(648,31): error TS2344: Type 'typeof import("C:/Users/LENOVO/Finalization/Finalmente-NexusAlpri/src/app/api/forms/[id]/submit/route")' does not satisfy the constraint 'RouteHandlerConfig<"/api/forms/[id]/submit">'.
  Types of property 'POST' are incompatible.
    Type '(req: NextRequest, { params }: { params: { id: string; }; }) => Promise<NextResponse<{ message: string; }>>' is not assignable to type '(request: NextRequest, context: { params: Promise<{ id: string; }>; }) => void | Response | Promise<void | Response>'.
      Types of parameters '__1' and 'context' are incompatible.
        Type '{ params: Promise<{ id: string; }>; }' is not assignable to type '{ params: { id: string; }; }'.
          Types of property 'params' are incompatible.
            Property 'id' is missing in type 'Promise<{ id: string; }>' but required in type '{ id: string; }'.
.next/types/validator.ts(684,31): error TS2344: Type 'typeof import("C:/Users/LENOVO/Finalization/Finalmente-NexusAlpri/src/app/api/motivations/[id]/route")' does not satisfy the constraint 'RouteHandlerConfig<"/api/motivations/[id]">'.
  Types of property 'PUT' are incompatible.
    Type '(req: NextRequest, { params }: { params: { id: string; }; }) => Promise<NextResponse<{ content: string | null; id: string; updatedAt: Date; title: string; createdAt: Date; imageUrl: string | null; creatorId: string; videoUrl: string | null; triggerType: MotivationalMessageTriggerType; triggerId: string; }> | NextRes...' is not assignable to type '(request: NextRequest, context: { params: Promise<{ id: string; }>; }) => void | Response | Promise<void | Response>'.
      Types of parameters '__1' and 'context' are incompatible.
        Type '{ params: Promise<{ id: string; }>; }' is not assignable to type '{ params: { id: string; }; }'.
          Types of property 'params' are incompatible.
            Property 'id' is missing in type 'Promise<{ id: string; }>' but required in type '{ id: string; }'.
.next/types/validator.ts(711,31): error TS2344: Type 'typeof import("C:/Users/LENOVO/Finalization/Finalmente-NexusAlpri/src/app/api/notes/[lessonId]/route")' does not satisfy the constraint 'RouteHandlerConfig<"/api/notes/[lessonId]">'.
  Types of property 'GET' are incompatible.
    Type '(req: NextRequest, { params }: { params: { lessonId: string; }; }) => Promise<NextResponse<{ message: string; }> | NextResponse<{ content: string; }>>' is not assignable to type '(request: NextRequest, context: { params: Promise<{ lessonId: string; }>; }) => void | Response | Promise<void | Response>'.
      Types of parameters '__1' and 'context' are incompatible.
        Type '{ params: Promise<{ lessonId: string; }>; }' is not assignable to type '{ params: { lessonId: string; }; }'.
          Types of property 'params' are incompatible.
            Property 'lessonId' is missing in type 'Promise<{ lessonId: string; }>' but required in type '{ lessonId: string; }'.
.next/types/validator.ts(738,31): error TS2344: Type 'typeof import("C:/Users/LENOVO/Finalization/Finalmente-NexusAlpri/src/app/api/processes/[id]/route")' does not satisfy the constraint 'RouteHandlerConfig<"/api/processes/[id]">'.
  Types of property 'PUT' are incompatible.
    Type '(req: NextRequest, { params }: { params: { id: string; }; }) => Promise<NextResponse<{ id: string; name: string; parentId: string | null; }> | NextResponse<{ message: string; }>>' is not assignable to type '(request: NextRequest, context: { params: Promise<{ id: string; }>; }) => void | Response | Promise<void | Response>'.
      Types of parameters '__1' and 'context' are incompatible.
        Type '{ params: Promise<{ id: string; }>; }' is not assignable to type '{ params: { id: string; }; }'.
          Types of property 'params' are incompatible.
            Property 'id' is missing in type 'Promise<{ id: string; }>' but required in type '{ id: string; }'.
.next/types/validator.ts(765,31): error TS2344: Type 'typeof import("C:/Users/LENOVO/Finalization/Finalmente-NexusAlpri/src/app/api/progress/[userId]/[courseId]/consolidate/route")' does not satisfy the constraint 'RouteHandlerConfig<"/api/progress/[userId]/[courseId]/consolidate">'.
  Types of property 'POST' are incompatible.
    Type '(req: NextRequest, { params }: { params: { userId: string; courseId: string; }; }) => Promise<NextResponse<{ message: string; }>>' is not assignable to type '(request: NextRequest, context: { params: Promise<{ userId: string; courseId: string; }>; }) => void | Response | Promise<void | Response>'.
      Types of parameters '__1' and 'context' are incompatible.
        Type '{ params: Promise<{ userId: string; courseId: string; }>; }' is not assignable to type '{ params: { userId: string; courseId: string; }; }'.
          Types of property 'params' are incompatible.
            Type 'Promise<{ userId: string; courseId: string; }>' is missing the following properties from type '{ userId: string; courseId: string; }': userId, courseId
.next/types/validator.ts(774,31): error TS2344: Type 'typeof import("C:/Users/LENOVO/Finalization/Finalmente-NexusAlpri/src/app/api/progress/[userId]/[courseId]/lesson/route")' does not satisfy the constraint 'RouteHandlerConfig<"/api/progress/[userId]/[courseId]/lesson">'.
  Types of property 'POST' are incompatible.
    Type '(req: NextRequest, { params }: { params: { userId: string; courseId: string; }; }) => Promise<NextResponse<{ message: string; }>>' is not assignable to type '(request: NextRequest, context: { params: Promise<{ userId: string; courseId: string; }>; }) => void | Response | Promise<void | Response>'.
      Types of parameters '__1' and 'context' are incompatible.
        Type '{ params: Promise<{ userId: string; courseId: string; }>; }' is not assignable to type '{ params: { userId: string; courseId: string; }; }'.
          Types of property 'params' are incompatible.
            Type 'Promise<{ userId: string; courseId: string; }>' is missing the following properties from type '{ userId: string; courseId: string; }': userId, courseId
.next/types/validator.ts(783,31): error TS2344: Type 'typeof import("C:/Users/LENOVO/Finalization/Finalmente-NexusAlpri/src/app/api/progress/[userId]/[courseId]/quiz/route")' does not satisfy the constraint 'RouteHandlerConfig<"/api/progress/[userId]/[courseId]/quiz">'.
  Types of property 'POST' are incompatible.
    Type '(req: NextRequest, { params }: { params: { userId: string; courseId: string; }; }) => Promise<NextResponse<{ message: string; }>>' is not assignable to type '(request: NextRequest, context: { params: Promise<{ userId: string; courseId: string; }>; }) => void | Response | Promise<void | Response>'.
      Types of parameters '__1' and 'context' are incompatible.
        Type '{ params: Promise<{ userId: string; courseId: string; }>; }' is not assignable to type '{ params: { userId: string; courseId: string; }; }'.
          Types of property 'params' are incompatible.
            Type 'Promise<{ userId: string; courseId: string; }>' is missing the following properties from type '{ userId: string; courseId: string; }': userId, courseId
.next/types/validator.ts(792,31): error TS2344: Type 'typeof import("C:/Users/LENOVO/Finalization/Finalmente-NexusAlpri/src/app/api/progress/[userId]/[courseId]/route")' does not satisfy the constraint 'RouteHandlerConfig<"/api/progress/[userId]/[courseId]">'.
  Types of property 'GET' are incompatible.
    Type '(req: NextRequest, { params }: { params: { userId: string; courseId: string; }; }) => Promise<NextResponse<{ message: string; }> | NextResponse<{ userId: string; courseId: string; completedLessons: never[]; progressPercentage: number; }> | NextResponse<...>>' is not assignable to type '(request: NextRequest, context: { params: Promise<{ userId: string; courseId: string; }>; }) => void | Response | Promise<void | Response>'.
      Types of parameters '__1' and 'context' are incompatible.
        Type '{ params: Promise<{ userId: string; courseId: string; }>; }' is not assignable to type '{ params: { userId: string; courseId: string; }; }'.
          Types of property 'params' are incompatible.
            Type 'Promise<{ userId: string; courseId: string; }>' is missing the following properties from type '{ userId: string; courseId: string; }': userId, courseId
.next/types/validator.ts(801,31): error TS2344: Type 'typeof import("C:/Users/LENOVO/Finalization/Finalmente-NexusAlpri/src/app/api/quizzes/[quizId]/attempts/route")' does not satisfy the constraint 'RouteHandlerConfig<"/api/quizzes/[quizId]/attempts">'.
  Types of property 'GET' are incompatible.
    Type '(req: NextRequest, { params }: { params: { quizId: string; }; }) => Promise<NextResponse<{ message: string; }> | NextResponse<{ attempts: { id: string; userId: string; quizId: string; score: number; attemptNumber: number; submittedAt: Date; }[]; }>>' is not assignable to type '(request: NextRequest, context: { params: Promise<{ quizId: string; }>; }) => void | Response | Promise<void | Response>'.
      Types of parameters '__1' and 'context' are incompatible.
        Type '{ params: Promise<{ quizId: string; }>; }' is not assignable to type '{ params: { quizId: string; }; }'.
          Types of property 'params' are incompatible.
            Property 'quizId' is missing in type 'Promise<{ quizId: string; }>' but required in type '{ quizId: string; }'.
.next/types/validator.ts(810,31): error TS2344: Type 'typeof import("C:/Users/LENOVO/Finalization/Finalmente-NexusAlpri/src/app/api/quizzes/resource/[resourceId]/route")' does not satisfy the constraint 'RouteHandlerConfig<"/api/quizzes/resource/[resourceId]">'.
  Types of property 'GET' are incompatible.
    Type '(req: NextRequest, { params }: { params: { resourceId: string; }; }) => Promise<NextResponse<{ message: string; }> | NextResponse<{ questions: { options: { id: string; points: number; imageUrl: string | null; text: string; isCorrect: boolean; feedback: string | null; questionId: string; }[]; ... 8 more ...; quizId: ...' is not assignable to type '(request: NextRequest, context: { params: Promise<{ resourceId: string; }>; }) => void | Response | Promise<void | Response>'.
      Types of parameters '__1' and 'context' are incompatible.
        Type '{ params: Promise<{ resourceId: string; }>; }' is not assignable to type '{ params: { resourceId: string; }; }'.
          Types of property 'params' are incompatible.
            Property 'resourceId' is missing in type 'Promise<{ resourceId: string; }>' but required in type '{ resourceId: string; }'.
.next/types/validator.ts(819,31): error TS2344: Type 'typeof import("C:/Users/LENOVO/Finalization/Finalmente-NexusAlpri/src/app/api/resources/[id]/move/route")' does not satisfy the constraint 'RouteHandlerConfig<"/api/resources/[id]/move">'.
  Types of property 'PATCH' are incompatible.
    Type '(req: NextRequest, { params }: { params: { id: string; }; }) => Promise<NextResponse<{ order: number | null; content: string | null; url: string | null; id: string; parentId: string | null; updatedAt: Date; ... 15 more ...; sharingMode: ResourceSharingMode; }> | NextResponse<...>>' is not assignable to type '(request: NextRequest, context: { params: Promise<{ id: string; }>; }) => void | Response | Promise<void | Response>'.
      Types of parameters '__1' and 'context' are incompatible.
        Type '{ params: Promise<{ id: string; }>; }' is not assignable to type '{ params: { id: string; }; }'.
          Types of property 'params' are incompatible.
            Property 'id' is missing in type 'Promise<{ id: string; }>' but required in type '{ id: string; }'.
.next/types/validator.ts(828,31): error TS2344: Type 'typeof import("C:/Users/LENOVO/Finalization/Finalmente-NexusAlpri/src/app/api/resources/[id]/pin/route")' does not satisfy the constraint 'RouteHandlerConfig<"/api/resources/[id]/pin">'.
  Types of property 'PATCH' are incompatible.
    Type '(req: NextRequest, { params }: { params: { id: string; }; }) => Promise<NextResponse<{ order: number | null; content: string | null; url: string | null; id: string; parentId: string | null; updatedAt: Date; ... 15 more ...; sharingMode: ResourceSharingMode; }> | NextResponse<...>>' is not assignable to type '(request: NextRequest, context: { params: Promise<{ id: string; }>; }) => void | Response | Promise<void | Response>'.
      Types of parameters '__1' and 'context' are incompatible.
        Type '{ params: Promise<{ id: string; }>; }' is not assignable to type '{ params: { id: string; }; }'.
          Types of property 'params' are incompatible.
            Property 'id' is missing in type 'Promise<{ id: string; }>' but required in type '{ id: string; }'.
.next/types/validator.ts(837,31): error TS2344: Type 'typeof import("C:/Users/LENOVO/Finalization/Finalmente-NexusAlpri/src/app/api/resources/[id]/route")' does not satisfy the constraint 'RouteHandlerConfig<"/api/resources/[id]">'.
  Types of property 'GET' are incompatible.
    Type '(req: NextRequest, { params }: { params: { id: string; }; }) => Promise<NextResponse<{ message: string; }> | NextResponse<{ hasPin: boolean; uploader: { id: string; name: string; }; sharedWith: { ...; }[]; ... 23 more ...; sharingMode: ResourceSharingMode; }>>' is not assignable to type '(request: NextRequest, context: { params: Promise<{ id: string; }>; }) => void | Response | Promise<void | Response>'.
      Types of parameters '__1' and 'context' are incompatible.
        Type '{ params: Promise<{ id: string; }>; }' is not assignable to type '{ params: { id: string; }; }'.
          Types of property 'params' are incompatible.
            Property 'id' is missing in type 'Promise<{ id: string; }>' but required in type '{ id: string; }'.
.next/types/validator.ts(846,31): error TS2344: Type 'typeof import("C:/Users/LENOVO/Finalization/Finalmente-NexusAlpri/src/app/api/resources/[id]/verify-pin/route")' does not satisfy the constraint 'RouteHandlerConfig<"/api/resources/[id]/verify-pin">'.
  Types of property 'POST' are incompatible.
    Type '(req: NextRequest, { params }: { params: { id: string; }; }) => Promise<NextResponse<{ message: string; }>>' is not assignable to type '(request: NextRequest, context: { params: Promise<{ id: string; }>; }) => void | Response | Promise<void | Response>'.
      Types of parameters '__1' and 'context' are incompatible.
        Type '{ params: Promise<{ id: string; }>; }' is not assignable to type '{ params: { id: string; }; }'.
          Types of property 'params' are incompatible.
            Property 'id' is missing in type 'Promise<{ id: string; }>' but required in type '{ id: string; }'.
.next/types/validator.ts(855,31): error TS2344: Type 'typeof import("C:/Users/LENOVO/Finalization/Finalmente-NexusAlpri/src/app/api/resources/[id]/versions/route")' does not satisfy the constraint 'RouteHandlerConfig<"/api/resources/[id]/versions">'.
  Types of property 'GET' are incompatible.
    Type '(req: NextRequest, { params }: { params: { id: string; }; }) => Promise<NextResponse<{ message: string; }> | NextResponse<({ author: { id: string; name: string; avatar: string | null; }; } & { ...; })[]>>' is not assignable to type '(request: NextRequest, context: { params: Promise<{ id: string; }>; }) => void | Response | Promise<void | Response>'.
      Types of parameters '__1' and 'context' are incompatible.
        Type '{ params: Promise<{ id: string; }>; }' is not assignable to type '{ params: { id: string; }; }'.
          Types of property 'params' are incompatible.
            Property 'id' is missing in type 'Promise<{ id: string; }>' but required in type '{ id: string; }'.
.next/types/validator.ts(891,31): error TS2344: Type 'typeof import("C:/Users/LENOVO/Finalization/Finalmente-NexusAlpri/src/app/api/roadmap/[id]/route")' does not satisfy the constraint 'RouteHandlerConfig<"/api/roadmap/[id]">'.
  Types of property 'PUT' are incompatible.
    Type '(req: NextRequest, { params }: { params: { id: string; }; }) => Promise<NextResponse<{ id: string; updatedAt: Date; description: string; icon: string; phase: string; date: Date; title: string; color: string; createdAt: Date; imageUrl: string | null; }> | NextResponse<...> | null>' is not assignable to type '(request: NextRequest, context: { params: Promise<{ id: string; }>; }) => void | Response | Promise<void | Response>'.
      Types of parameters '__1' and 'context' are incompatible.
        Type '{ params: Promise<{ id: string; }>; }' is not assignable to type '{ params: { id: string; }; }'.
          Types of property 'params' are incompatible.
            Property 'id' is missing in type 'Promise<{ id: string; }>' but required in type '{ id: string; }'.
.next/types/validator.ts(927,31): error TS2344: Type 'typeof import("C:/Users/LENOVO/Finalization/Finalmente-NexusAlpri/src/app/api/settings/category-check/[categoryName]/route")' does not satisfy the constraint 'RouteHandlerConfig<"/api/settings/category-check/[categoryName]">'.
  Types of property 'GET' are incompatible.
    Type '(req: NextRequest, { params }: { params: { categoryName: string; }; }) => Promise<NextResponse<{ message: string; }>>' is not assignable to type '(request: NextRequest, context: { params: Promise<{ categoryName: string; }>; }) => void | Response | Promise<void | Response>'.
      Types of parameters '__1' and 'context' are incompatible.
        Type '{ params: Promise<{ categoryName: string; }>; }' is not assignable to type '{ params: { categoryName: string; }; }'.
          Types of property 'params' are incompatible.
            Property 'categoryName' is missing in type 'Promise<{ categoryName: string; }>' but required in type '{ categoryName: string; }'.
.next/types/validator.ts(1053,31): error TS2344: Type 'typeof import("C:/Users/LENOVO/Finalization/Finalmente-NexusAlpri/src/app/api/users/[id]/achievements/route")' does not satisfy the constraint 'RouteHandlerConfig<"/api/users/[id]/achievements">'.
  Types of property 'GET' are incompatible.
    Type '(req: NextRequest, { params }: { params: { id: string; }; }) => Promise<NextResponse<{ message: string; }> | NextResponse<({ achievement: { id: string; name: string; slug: AchievementSlug; description: string; icon: string | null; points: number; }; } & { ...; })[]>>' is not assignable to type '(request: NextRequest, context: { params: Promise<{ id: string; }>; }) => void | Response | Promise<void | Response>'.
      Types of parameters '__1' and 'context' are incompatible.
        Type '{ params: Promise<{ id: string; }>; }' is not assignable to type '{ params: { id: string; }; }'.
          Types of property 'params' are incompatible.
            Property 'id' is missing in type 'Promise<{ id: string; }>' but required in type '{ id: string; }'.
.next/types/validator.ts(1062,31): error TS2344: Type 'typeof import("C:/Users/LENOVO/Finalization/Finalmente-NexusAlpri/src/app/api/users/[id]/change-password/route")' does not satisfy the constraint 'RouteHandlerConfig<"/api/users/[id]/change-password">'.
  Types of property 'POST' are incompatible.
    Type '(req: NextRequest, { params }: { params: { id: string; }; }) => Promise<NextResponse<{ message: string; }>>' is not assignable to type '(request: NextRequest, context: { params: Promise<{ id: string; }>; }) => void | Response | Promise<void | Response>'.
      Types of parameters '__1' and 'context' are incompatible.
        Type '{ params: Promise<{ id: string; }>; }' is not assignable to type '{ params: { id: string; }; }'.
          Types of property 'params' are incompatible.
            Property 'id' is missing in type 'Promise<{ id: string; }>' but required in type '{ id: string; }'.
.next/types/validator.ts(1071,31): error TS2344: Type 'typeof import("C:/Users/LENOVO/Finalization/Finalmente-NexusAlpri/src/app/api/users/[id]/route")' does not satisfy the constraint 'RouteHandlerConfig<"/api/users/[id]">'.
  Types of property 'GET' are incompatible.
    Type '(req: NextRequest, { params }: { params: { id: string; }; }) => Promise<NextResponse<{ message: string; }> | NextResponse<{ process: { id: string; name: string; parentId: string | null; } | null; ... 14 more ...; processId: string | null; }>>' is not assignable to type '(request: NextRequest, context: { params: Promise<{ id: string; }>; }) => void | Response | Promise<void | Response>'.
      Types of parameters '__1' and 'context' are incompatible.
        Type '{ params: Promise<{ id: string; }>; }' is not assignable to type '{ params: { id: string; }; }'.
          Types of property 'params' are incompatible.
            Property 'id' is missing in type 'Promise<{ id: string; }>' but required in type '{ id: string; }'.
.next/types/validator.ts(1080,31): error TS2344: Type 'typeof import("C:/Users/LENOVO/Finalization/Finalmente-NexusAlpri/src/app/api/users/[id]/status/route")' does not satisfy the constraint 'RouteHandlerConfig<"/api/users/[id]/status">'.
  Types of property 'PATCH' are incompatible.
    Type '(req: NextRequest, { params }: { params: { id: string; }; }) => Promise<NextResponse<{ message: string; }> | NextResponse<{ theme: string | null; id: string; name: string; updatedAt: Date | null; ... 11 more ...; processId: string | null; }>>' is not assignable to type '(request: NextRequest, context: { params: Promise<{ id: string; }>; }) => void | Response | Promise<void | Response>'.
      Types of parameters '__1' and 'context' are incompatible.
        Type '{ params: Promise<{ id: string; }>; }' is not assignable to type '{ params: { id: string; }; }'.
          Types of property 'params' are incompatible.
            Property 'id' is missing in type 'Promise<{ id: string; }>' but required in type '{ id: string; }'.
prisma/seed.ts(2,94): error TS2305: Module '"@prisma/client"' has no exported member 'RoadmapPhase'.
prisma/seed.ts(193,7): error TS2322: Type '{ title: string; }' is not assignable to type 'RoadmapItemWhereUniqueInput'.
  Type '{ title: string; }' is not assignable to type '{ id: string; } & { id?: string | undefined; AND?: RoadmapItemWhereInput | RoadmapItemWhereInput[] | undefined; OR?: RoadmapItemWhereInput[] | undefined; ... 9 more ...; imageUrl?: string | ... 2 more ... | undefined; }'.
    Property 'id' is missing in type '{ title: string; }' but required in type '{ id: string; }'.
prisma/seed.ts(262,238): error TS2353: Object literal may only specify known properties, and 'ispublic' does not exist in type 'Without<EnterpriseResourceCreateInput, EnterpriseResourceUncheckedCreateInput> & EnterpriseResourceUncheckedCreateInput'.
prisma/seed.ts(263,274): error TS2353: Object literal may only specify known properties, and 'ispublic' does not exist in type 'Without<EnterpriseResourceCreateInput, EnterpriseResourceUncheckedCreateInput> & EnterpriseResourceUncheckedCreateInput'.
src/api/announcements/route.ts(51,23): error TS2724: '"C:/Users/LENOVO/Finalization/Finalmente-NexusAlpri/node_modules/.prisma/client/index".Prisma' has no exported member named 'AnnouncementOrderByWithRelationAndSearchRelevanceInput'. Did you mean 'AnnouncementOrderByWithRelationInput'?
src/api/announcements/route.ts(98,20): error TS2339: Property 'reads' does not exist on type '{ content: string; id: string; date: Date; title: string; authorId: string; audience: string; priority: string; isPinned: boolean; }'.
src/api/announcements/route.ts(98,30): error TS7006: Parameter 'r' implicitly has an 'any' type.
src/api/announcements/route.ts(102,40): error TS2339: Property '_count' does not exist on type '{ reads: any; content: string; id: string; date: Date; title: string; authorId: string; audience: string; priority: string; isPinned: boolean; }'.
src/api/announcements/route.ts(102,61): error TS2339: Property '_count' does not exist on type '{ reads: any; content: string; id: string; date: Date; title: string; authorId: string; audience: string; priority: string; isPinned: boolean; }'.
src/api/announcements/route.ts(184,17): error TS2322: Type 'ReactNode' is not assignable to type 'ReactElement<any, string | JSXElementConstructor<any>>'.
  Type 'undefined' is not assignable to type 'ReactElement<any, string | JSXElementConstructor<any>>'.
src/api/auth/login/route.ts(15,16): error TS2339: Property 'ip' does not exist on type 'NextRequest'.
src/api/auth/login/route.ts(41,26): error TS2339: Property 'geo' does not exist on type 'NextRequest'.
src/api/auth/login/route.ts(42,23): error TS2339: Property 'geo' does not exist on type 'NextRequest'.
src/api/auth/login/route.ts(58,26): error TS2339: Property 'geo' does not exist on type 'NextRequest'.
src/api/auth/login/route.ts(59,23): error TS2339: Property 'geo' does not exist on type 'NextRequest'.
src/api/conversations/route.ts(86,29): error TS2353: Object literal may only specify known properties, and 'count' does not exist in type 'UserListRelationFilter'.
src/api/courses/[id]/route.ts(82,36): error TS2345: Argument of type '{ theme: string | null; id: string; name: string; updatedAt: Date | null; email: string; password: string; avatar: string | null; role: UserRole; registeredDate: Date | null; ... 7 more ...; processId: string | null; }' is not assignable to parameter of type 'User'.
  Types of property 'registeredDate' are incompatible.
    Type 'Date | null' is not assignable to type 'string | Date | undefined'.
      Type 'null' is not assignable to type 'string | Date | undefined'.
src/api/courses/[id]/route.ts(157,21): error TS2322: Type 'import("C:/Users/LENOVO/Finalization/Finalmente-NexusAlpri/src/types").QuestionType' is not assignable to type 'import("C:/Users/LENOVO/Finalization/Finalmente-NexusAlpri/node_modules/.prisma/client/index").$Enums.QuestionType'.
  Type '"OPEN_ENDED"' is not assignable to type 'QuestionType'.
src/api/courses/[id]/route.ts(215,36): error TS2345: Argument of type '{ theme: string | null; id: string; name: string; updatedAt: Date | null; email: string; password: string; avatar: string | null; role: UserRole; registeredDate: Date | null; ... 7 more ...; processId: string | null; }' is not assignable to parameter of type 'User'.
  Types of property 'registeredDate' are incompatible.
    Type 'Date | null' is not assignable to type 'string | Date | undefined'.
      Type 'null' is not assignable to type 'string | Date | undefined'.
src/api/courses/route.ts(195,28): error TS2339: Property 'ip' does not exist on type 'NextRequest'.
src/api/courses/route.ts(196,29): error TS2339: Property 'geo' does not exist on type 'NextRequest'.
src/api/dashboard/data/route.ts(44,39): error TS2322: Type 'null' is not assignable to type 'number | NestedFloatFilter<"CourseProgress"> | undefined'.
src/api/dashboard/data/route.ts(49,35): error TS18048: 'progressAggregates._count' is possibly 'undefined'.
src/api/dashboard/data/route.ts(49,61): error TS2339: Property 'progressPercentage' does not exist on type 'true | { id?: number | undefined; userId?: number | undefined; courseId?: number | undefined; enrollmentId?: number | undefined; progressPercentage?: number | undefined; completedAt?: number | undefined; lastActivity?: number | undefined; _all?: number | undefined; }'.
  Property 'progressPercentage' does not exist on type 'true'.
src/api/dashboard/data/route.ts(49,83): error TS18048: 'progressAggregates._count' is possibly 'undefined'.
src/api/dashboard/data/route.ts(49,109): error TS2339: Property 'progressPercentage' does not exist on type 'true | { id?: number | undefined; userId?: number | undefined; courseId?: number | undefined; enrollmentId?: number | undefined; progressPercentage?: number | undefined; completedAt?: number | undefined; lastActivity?: number | undefined; _all?: number | undefined; }'.
  Property 'progressPercentage' does not exist on type 'true'.
src/api/dashboard/data/route.ts(50,12): error TS18048: 'progressAggregates._sum' is possibly 'undefined'.
src/api/dashboard/data/route.ts(50,58): error TS18048: 'progressAggregates._count' is possibly 'undefined'.
src/api/dashboard/data/route.ts(50,84): error TS2339: Property 'progressPercentage' does not exist on type 'true | { id?: number | undefined; userId?: number | undefined; courseId?: number | undefined; enrollmentId?: number | undefined; progressPercentage?: number | undefined; completedAt?: number | undefined; lastActivity?: number | undefined; _all?: number | undefined; }'.
  Property 'progressPercentage' does not exist on type 'true'.
src/api/dashboard/data/route.ts(75,11): error TS2740: Type '{ totalUsers: number; totalCourses: number; totalPublishedCourses: number; totalEnrollments: number; averageCompletionRate: number; userRegistrationTrend: { date: string; count: number; }[]; contentActivityTrend: { ...; }[]; enrollmentTrend: { ...; }[]; }' is missing the following properties from type 'AdminDashboardStats': totalResources, totalAnnouncements, totalForms, usersByRole, and 7 more.
src/api/dashboard/data/route.ts(101,53): error TS2345: Argument of type '{ id: string; parentId: string | null; updatedAt: Date; description: string | null; title: string; color: string; createdAt: Date; imageUrl: string | null; attachments: JsonValue[]; ... 9 more ...; isInteractive: boolean; }[]' is not assignable to parameter of type 'CalendarEvent[]'.
  Property 'attendees' is missing in type '{ id: string; parentId: string | null; updatedAt: Date; description: string | null; title: string; color: string; createdAt: Date; imageUrl: string | null; attachments: JsonValue[]; ... 9 more ...; isInteractive: boolean; }' but required in type 'CalendarEvent'.
src/api/dashboard/data/route.ts(150,66): error TS2345: Argument of type '{ id: string; parentId: string | null; updatedAt: Date; description: string | null; title: string; color: string; createdAt: Date; imageUrl: string | null; attachments: JsonValue[]; ... 9 more ...; isInteractive: boolean; }[]' is not assignable to parameter of type 'CalendarEvent[]'.
  Property 'attendees' is missing in type '{ id: string; parentId: string | null; updatedAt: Date; description: string | null; title: string; color: string; createdAt: Date; imageUrl: string | null; attachments: JsonValue[]; ... 9 more ...; isInteractive: boolean; }' but required in type 'CalendarEvent'.
src/api/dashboard/data/route.ts(157,11): error TS2322: Type '{ enrollmentId: string; isEnrolled: true; progressPercentage: number; instructor: { id: string; name: string; avatar: string | null; }; modulesCount: number; lessonsCount?: number | undefined; ... 20 more ...; prerequisiteId: string | null; }[]' is not assignable to type 'EnrolledCourse[]'.
  Property 'enrolledAt' is missing in type '{ enrollmentId: string; isEnrolled: true; progressPercentage: number; instructor: { id: string; name: string; avatar: string | null; }; modulesCount: number; ... 21 more ...; prerequisiteId: string | null; }' but required in type 'EnrolledCourse'.
src/api/dashboard/data/route.ts(205,40): error TS2345: Argument of type '{ enrollments: { progress: { progressPercentage: number; } | null; }[]; modules: ({ _count: { lessons: number; }; } & { order: number; id: string; title: string; courseId: string; })[]; } & { id: string; updatedAt: Date; ... 12 more ...; certificateTemplateId: string | null; }' is not assignable to parameter of type 'ApiCourseForManage'.
  Types of property 'modules' are incompatible.
    Type '({ _count: { lessons: number; }; } & { order: number; id: string; title: string; courseId: string; })[]' is not assignable to type '{ id: string; lessons: { id: string; }[]; }[]'.
      Property 'lessons' is missing in type '{ _count: { lessons: number; }; } & { order: number; id: string; title: string; courseId: string; }' but required in type '{ id: string; lessons: { id: string; }[]; }'.
src/api/forms/[id]/route.ts(5,15): error TS2305: Module '"@/types"' has no exported member 'FormField'.
src/api/quizz-it/join/route.ts(20,38): error TS2339: Property 'gameSession' does not exist on type 'PrismaClient<{ log: ("query" | "warn" | "error")[]; transactionOptions: { maxWait: number; timeout: number; }; }, never, DefaultArgs>'.
src/api/quizz-it/join/route.ts(28,41): error TS2339: Property 'player' does not exist on type 'PrismaClient<{ log: ("query" | "warn" | "error")[]; transactionOptions: { maxWait: number; timeout: number; }; }, never, DefaultArgs>'.
src/api/quizz-it/join/route.ts(39,33): error TS2339: Property 'player' does not exist on type 'PrismaClient<{ log: ("query" | "warn" | "error")[]; transactionOptions: { maxWait: number; timeout: number; }; }, never, DefaultArgs>'.
src/api/quizz-it/submit/route.ts(21,33): error TS2339: Property 'player' does not exist on type 'PrismaClient<{ log: ("query" | "warn" | "error")[]; transactionOptions: { maxWait: number; timeout: number; }; }, never, DefaultArgs>'.
src/api/quizz-it/submit/route.ts(50,40): error TS2339: Property 'player' does not exist on type 'PrismaClient<{ log: ("query" | "warn" | "error")[]; transactionOptions: { maxWait: number; timeout: number; }; }, never, DefaultArgs>'.
src/api/quizz-it/submit/route.ts(55,35): error TS2339: Property 'playerResponse' does not exist on type 'PrismaClient<{ log: ("query" | "warn" | "error")[]; transactionOptions: { maxWait: number; timeout: number; }; }, never, DefaultArgs>'.
src/api/quizzes/resource/[resourceId]/route.ts(5,45): error TS2305: Module '"@/types"' has no exported member 'AppQuiz'.
src/api/quizzes/resource/[resourceId]/route.ts(20,60): error TS2345: Argument of type '{ theme: string | null; id: string; name: string; updatedAt: Date | null; email: string; password: string; avatar: string | null; role: UserRole; registeredDate: Date | null; ... 7 more ...; processId: string | null; }' is not assignable to parameter of type 'User'.
  Types of property 'registeredDate' are incompatible.
    Type 'Date | null' is not assignable to type 'string | Date | undefined'.
      Type 'null' is not assignable to type 'string | Date | undefined'.
src/api/resources/[id]/route.ts(47,56): error TS2345: Argument of type '{ theme: string | null; id: string; name: string; updatedAt: Date | null; email: string; password: string; avatar: string | null; role: UserRole; registeredDate: Date | null; ... 7 more ...; processId: string | null; } | null' is not assignable to parameter of type 'User | null'.
  Type '{ theme: string | null; id: string; name: string; updatedAt: Date | null; email: string; password: string; avatar: string | null; role: UserRole; registeredDate: Date | null; ... 7 more ...; processId: string | null; }' is not assignable to type 'User'.
    Types of property 'registeredDate' are incompatible.
      Type 'Date | null' is not assignable to type 'string | Date | undefined'.
        Type 'null' is not assignable to type 'string | Date | undefined'.
src/api/resources/[id]/route.ts(127,33): error TS2322: Type 'FormFieldType' is not assignable to type 'QuestionType'.
  Type '"SHORT_TEXT"' is not assignable to type 'QuestionType'.
src/api/resources/[id]/route.ts(179,56): error TS2345: Argument of type '{ theme: string | null; id: string; name: string; updatedAt: Date | null; email: string; password: string; avatar: string | null; role: UserRole; registeredDate: Date | null; ... 7 more ...; processId: string | null; } | null' is not assignable to parameter of type 'User | null'.
  Type '{ theme: string | null; id: string; name: string; updatedAt: Date | null; email: string; password: string; avatar: string | null; role: UserRole; registeredDate: Date | null; ... 7 more ...; processId: string | null; }' is not assignable to type 'User'.
    Types of property 'registeredDate' are incompatible.
      Type 'Date | null' is not assignable to type 'string | Date | undefined'.
        Type 'null' is not assignable to type 'string | Date | undefined'.
src/api/settings/route.ts(77,11): error TS2322: Type '{ resourceCategories: string[]; emailWhitelist: string; accentColor: string | null; id: string; platformName: string; allowPublicRegistration: boolean; enableEmailNotifications: boolean; ... 44 more ...; roadmapPhases: string[]; }' is not assignable to type 'PlatformSettings'.
  Types of property 'primaryColor' are incompatible.
    Type 'string | null' is not assignable to type 'string | undefined'.
      Type 'null' is not assignable to type 'string | undefined'.
src/api/settings/route.ts(138,41): error TS2339: Property 'securityMascotUrl' does not exist on type 'Partial<PlatformSettings>'.
src/api/settings/route.ts(179,11): error TS2322: Type '{ resourceCategories: string[]; emailWhitelist: string; accentColor: string | null; id: string; platformName: string; allowPublicRegistration: boolean; enableEmailNotifications: boolean; ... 44 more ...; roadmapPhases: string[]; }' is not assignable to type 'PlatformSettings'.
  Types of property 'primaryColor' are incompatible.
    Type 'string | null' is not assignable to type 'string | undefined'.
      Type 'null' is not assignable to type 'string | undefined'.
src/api/users/[id]/route.ts(50,24): error TS2339: Property 'ip' does not exist on type 'NextRequest'.
src/api/users/[id]/route.ts(85,38): error TS2339: Property 'geo' does not exist on type 'NextRequest'.
src/api/users/[id]/route.ts(86,35): error TS2339: Property 'geo' does not exist on type 'NextRequest'.
src/app/(app)/analytics/page.tsx(225,68): error TS2339: Property 'courseModifications' does not exist on type 'AdminDashboardStats'.
src/app/(app)/analytics/page.tsx(249,114): error TS2769: No overload matches this call.
  Overload 1 of 2, '(props: Props): Bar', gave the following error.
    Type 'TrendData[]' is not assignable to type 'BarRectangleItem[]'.
      Type 'TrendData' has no properties in common with type 'BarRectangleItem'.
  Overload 2 of 2, '(props: Props, context: any): Bar', gave the following error.
    Type 'TrendData[]' is not assignable to type 'BarRectangleItem[]'.
      Type 'TrendData' has no properties in common with type 'BarRectangleItem'.
src/app/(app)/enrollments/page.tsx(96,11): error TS2430: Interface 'CourseEnrollmentInfo' incorrectly extends interface 'Omit<Course, "_count">'.
  Types of property 'modules' are incompatible.
    Type '{ id: string; title: string; order: number; lessons: { id: string; title: string; order: number; contentBlocks: { quiz: { id: string; title: string; } | null; }[]; }[]; }[]' is not assignable to type 'Module[]'.
      Type '{ id: string; title: string; order: number; lessons: { id: string; title: string; order: number; contentBlocks: { quiz: { id: string; title: string; } | null; }[]; }[]; }' is not assignable to type 'Module'.
        Types of property 'lessons' are incompatible.
          Type '{ id: string; title: string; order: number; contentBlocks: { quiz: { id: string; title: string; } | null; }[]; }[]' is not assignable to type 'Lesson[]'.
            Type '{ id: string; title: string; order: number; contentBlocks: { quiz: { id: string; title: string; } | null; }[]; }' is not assignable to type 'Lesson'.
              Types of property 'contentBlocks' are incompatible.
                Type '{ quiz: { id: string; title: string; } | null; }[]' is not assignable to type 'ContentBlock[]'.
                  Type '{ quiz: { id: string; title: string; } | null; }' is missing the following properties from type 'ContentBlock': id, type, order
src/app/(app)/manage-courses/page.tsx(436,93): error TS2304: Cannot find name 'Edit'.
src/app/(app)/manage-courses/page.tsx(438,94): error TS2304: Cannot find name 'Users'.
src/app/(app)/manage-courses/page.tsx(439,88): error TS2345: Argument of type 'Event' is not assignable to parameter of type 'MouseEvent<Element, MouseEvent>'.
  Type 'Event' is missing the following properties from type 'MouseEvent<Element, MouseEvent>': altKey, button, buttons, clientX, and 18 more.
src/app/(app)/manage-courses/page.tsx(439,103): error TS2304: Cannot find name 'Users'.
src/app/(app)/manage-courses/page.tsx(441,65): error TS2345: Argument of type 'Event' is not assignable to parameter of type 'MouseEvent<Element, MouseEvent>'.
  Type 'Event' is missing the following properties from type 'MouseEvent<Element, MouseEvent>': altKey, button, buttons, clientX, and 18 more.
src/app/(app)/manage-courses/page.tsx(442,65): error TS2345: Argument of type 'Event' is not assignable to parameter of type 'MouseEvent<Element, MouseEvent>'.
  Type 'Event' is missing the following properties from type 'MouseEvent<Element, MouseEvent>': altKey, button, buttons, clientX, and 18 more.
src/app/(app)/manage-courses/page.tsx(443,65): error TS2345: Argument of type 'Event' is not assignable to parameter of type 'MouseEvent<Element, MouseEvent>'.
  Type 'Event' is missing the following properties from type 'MouseEvent<Element, MouseEvent>': altKey, button, buttons, clientX, and 18 more.
src/app/(app)/manage-courses/page.tsx(445,65): error TS2345: Argument of type 'Event' is not assignable to parameter of type 'MouseEvent<Element, MouseEvent>'.
  Type 'Event' is missing the following properties from type 'MouseEvent<Element, MouseEvent>': altKey, button, buttons, clientX, and 18 more.
src/app/(app)/my-courses/page.tsx(60,13): error TS2322: Type '{ id: any; title: any; description: any; instructor: { id: any; name: any; avatar: any; }; imageUrl: any; modulesCount: any; enrolledAt: any; isEnrolled: true; instructorId: any; status: any; progressPercentage: any; certificateTemplateId: any; enrollmentId: any; modules: never[]; }[]' is not assignable to type 'EnrolledCourse[]'.
  Type '{ id: any; title: any; description: any; instructor: { id: any; name: any; avatar: any; }; imageUrl: any; modulesCount: any; enrolledAt: any; isEnrolled: true; instructorId: any; status: any; progressPercentage: any; certificateTemplateId: any; enrollmentId: any; modules: never[]; }' is missing the following properties from type 'EnrolledCourse': prerequisite, isMandatory, updatedAt, createdAt, and 2 more.
src/app/(app)/my-courses/page.tsx(107,22): error TS18048: 'c.progressPercentage' is possibly 'undefined'.
src/app/(app)/profile/page.tsx(376,17): error TS2322: Type '(file: File | null) => void' is not assignable to type '(files: FileList | null) => void'.
  Types of parameters 'file' and 'files' are incompatible.
    Type 'FileList | null' is not assignable to type 'File | null'.
      Type 'FileList' is missing the following properties from type 'File': lastModified, name, webkitRelativePath, size, and 6 more.
src/app/(app)/profile/page.tsx(402,22): error TS2304: Cannot find name 'Badge'.
src/app/(app)/profile/page.tsx(402,139): error TS2304: Cannot find name 'Badge'.
src/app/(app)/users/page.tsx(48,11): error TS2430: Interface 'ProcessWithChildren' incorrectly extends interface 'Process'.
  Type 'ProcessWithChildren' is not assignable to type '{ children: { id: string; name: string; parentId: string | null; }[]; users: { theme: string | null; id: string; name: string; updatedAt: Date | null; email: string; password: string; avatar: string | null; ... 9 more ...; processId: string | null; }[]; }'.
    Types of property 'users' are incompatible.
      Type 'Pick<User, "id" | "name" | "avatar">[]' is not assignable to type '{ theme: string | null; id: string; name: string; updatedAt: Date | null; email: string; password: string; avatar: string | null; role: UserRole; registeredDate: Date | null; ... 7 more ...; processId: string | null; }[]'.
        Type 'Pick<User, "id" | "name" | "avatar">' is missing the following properties from type '{ theme: string | null; id: string; name: string; updatedAt: Date | null; email: string; password: string; avatar: string | null; role: UserRole; registeredDate: Date | null; ... 7 more ...; processId: string | null; }': theme, updatedAt, email, password, and 10 more.
src/app/(app)/users/page.tsx(319,49): error TS2345: Argument of type 'ProcessWithChildren[]' is not assignable to parameter of type 'Process[]'.
  Type 'ProcessWithChildren' is not assignable to type 'Process'.
    Type 'ProcessWithChildren' is not assignable to type '{ children: { id: string; name: string; parentId: string | null; }[]; users: { theme: string | null; id: string; name: string; updatedAt: Date | null; email: string; password: string; avatar: string | null; ... 9 more ...; processId: string | null; }[]; }'.
      Types of property 'users' are incompatible.
        Type 'Pick<User, "id" | "name" | "avatar">[]' is not assignable to type '{ theme: string | null; id: string; name: string; updatedAt: Date | null; email: string; password: string; avatar: string | null; role: UserRole; registeredDate: Date | null; ... 7 more ...; processId: string | null; }[]'.
          Type 'Pick<User, "id" | "name" | "avatar">' is missing the following properties from type '{ theme: string | null; id: string; name: string; updatedAt: Date | null; email: string; password: string; avatar: string | null; role: UserRole; registeredDate: Date | null; ... 7 more ...; processId: string | null; }': theme, updatedAt, email, password, and 10 more.
src/app/(app)/users/page.tsx(504,146): error TS2322: Type 'ProcessWithChildren[]' is not assignable to type 'Process[]'.
  Type 'ProcessWithChildren' is not assignable to type 'Process'.
    Type 'ProcessWithChildren' is not assignable to type '{ children: { id: string; name: string; parentId: string | null; }[]; users: { theme: string | null; id: string; name: string; updatedAt: Date | null; email: string; password: string; avatar: string | null; ... 9 more ...; processId: string | null; }[]; }'.
      Types of property 'users' are incompatible.
        Type 'Pick<User, "id" | "name" | "avatar">[]' is not assignable to type '{ theme: string | null; id: string; name: string; updatedAt: Date | null; email: string; password: string; avatar: string | null; role: UserRole; registeredDate: Date | null; ... 7 more ...; processId: string | null; }[]'.
          Type 'Pick<User, "id" | "name" | "avatar">' is missing the following properties from type '{ theme: string | null; id: string; name: string; updatedAt: Date | null; email: string; password: string; avatar: string | null; role: UserRole; registeredDate: Date | null; ... 7 more ...; processId: string | null; }': theme, updatedAt, email, password, and 10 more.
src/app/(app)/users/page.tsx(505,192): error TS2322: Type 'ProcessWithChildren[]' is not assignable to type 'Process[]'.
  Type 'ProcessWithChildren' is not assignable to type 'Process'.
    Type 'ProcessWithChildren' is not assignable to type '{ children: { id: string; name: string; parentId: string | null; }[]; users: { theme: string | null; id: string; name: string; updatedAt: Date | null; email: string; password: string; avatar: string | null; ... 9 more ...; processId: string | null; }[]; }'.
      Types of property 'users' are incompatible.
        Type 'Pick<User, "id" | "name" | "avatar">[]' is not assignable to type '{ theme: string | null; id: string; name: string; updatedAt: Date | null; email: string; password: string; avatar: string | null; role: UserRole; registeredDate: Date | null; ... 7 more ...; processId: string | null; }[]'.
          Type 'Pick<User, "id" | "name" | "avatar">' is missing the following properties from type '{ theme: string | null; id: string; name: string; updatedAt: Date | null; email: string; password: string; avatar: string | null; role: UserRole; registeredDate: Date | null; ... 7 more ...; processId: string | null; }': theme, updatedAt, email, password, and 10 more.
src/app/(app/enrollments/page.tsx(73,11): error TS2430: Interface 'CourseEnrollmentInfo' incorrectly extends interface 'Course'.
  Types of property 'modules' are incompatible.
    Type '{ id: string; title: string; order: number; lessons: { id: string; title: string; order: number; contentBlocks: { quiz: { id: string; title: string; } | null; }[]; }[]; }[]' is not assignable to type 'Module[]'.
      Type '{ id: string; title: string; order: number; lessons: { id: string; title: string; order: number; contentBlocks: { quiz: { id: string; title: string; } | null; }[]; }[]; }' is not assignable to type 'Module'.
        Types of property 'lessons' are incompatible.
          Type '{ id: string; title: string; order: number; contentBlocks: { quiz: { id: string; title: string; } | null; }[]; }[]' is not assignable to type 'Lesson[]'.
            Type '{ id: string; title: string; order: number; contentBlocks: { quiz: { id: string; title: string; } | null; }[]; }' is not assignable to type 'Lesson'.
              Types of property 'contentBlocks' are incompatible.
                Type '{ quiz: { id: string; title: string; } | null; }[]' is not assignable to type 'ContentBlock[]'.
                  Type '{ quiz: { id: string; title: string; } | null; }' is missing the following properties from type 'ContentBlock': id, type, order
src/app/(app/enrollments/page.tsx(444,30): error TS2769: No overload matches this call.
  Overload 1 of 2, '(props: PDFDownloadLinkProps): PDFDownloadLink', gave the following error.
    Type '({ blob, url, loading, error }: { blob: any; url: any; loading: any; error: any; }) => Element' is not assignable to type 'ReactNode'.
  Overload 2 of 2, '(props: PDFDownloadLinkProps, context: any): PDFDownloadLink', gave the following error.
    Type '({ blob, url, loading, error }: { blob: any; url: any; loading: any; error: any; }) => Element' is not assignable to type 'ReactNode'.
src/app/(app/enrollments/page.tsx(444,33): error TS7031: Binding element 'blob' implicitly has an 'any' type.
src/app/(app/enrollments/page.tsx(444,39): error TS7031: Binding element 'url' implicitly has an 'any' type.
src/app/(app/enrollments/page.tsx(444,44): error TS7031: Binding element 'loading' implicitly has an 'any' type.
src/app/(app/enrollments/page.tsx(444,53): error TS7031: Binding element 'error' implicitly has an 'any' type.
src/app/api/achievements/route.ts(20,40): error TS2345: Argument of type 'AchievementSlug' is not assignable to parameter of type '"FIVE_COURSES_COMPLETED" | "TEN_COURSES_COMPLETED" | "TWENTY_COURSES_COMPLETED"'.
  Type '"FIRST_ENROLLMENT"' is not assignable to type '"FIVE_COURSES_COMPLETED" | "TEN_COURSES_COMPLETED" | "TWENTY_COURSES_COMPLETED"'.
src/app/api/analytics/quiz/[quizId]/route.ts(37,55): error TS2345: Argument of type '{ theme: string | null; id: string; name: string; updatedAt: Date | null; email: string; password: string; avatar: string | null; role: UserRole; registeredDate: Date | null; ... 7 more ...; processId: string | null; }' is not assignable to parameter of type 'User'.
  Types of property 'registeredDate' are incompatible.
    Type 'Date | null' is not assignable to type 'string | Date | undefined'.
      Type 'null' is not assignable to type 'string | Date | undefined'.
src/app/api/announcements/route.ts(46,23): error TS2724: '"C:/Users/LENOVO/Finalization/Finalmente-NexusAlpri/node_modules/.prisma/client/index".Prisma' has no exported member named 'AnnouncementOrderByWithRelationAndSearchRelevanceInput'. Did you mean 'AnnouncementOrderByWithRelationInput'?
src/app/api/announcements/route.ts(90,20): error TS2339: Property 'reads' does not exist on type '{ content: string; id: string; date: Date; title: string; authorId: string; audience: string; priority: string; isPinned: boolean; }'.
src/app/api/announcements/route.ts(90,30): error TS7006: Parameter 'r' implicitly has an 'any' type.
src/app/api/announcements/route.ts(94,40): error TS2339: Property '_count' does not exist on type '{ reads: any; content: string; id: string; date: Date; title: string; authorId: string; audience: string; priority: string; isPinned: boolean; }'.
src/app/api/announcements/route.ts(94,61): error TS2339: Property '_count' does not exist on type '{ reads: any; content: string; id: string; date: Date; title: string; authorId: string; audience: string; priority: string; isPinned: boolean; }'.
src/app/api/announcements/route.ts(176,17): error TS2322: Type 'ReactNode' is not assignable to type 'ReactElement<any, string | JSXElementConstructor<any>>'.
  Type 'undefined' is not assignable to type 'ReactElement<any, string | JSXElementConstructor<any>>'.
src/app/api/auth/2fa/route.ts(52,28): error TS2339: Property 'ip' does not exist on type 'NextRequest'.
src/app/api/auth/2fa/route.ts(55,26): error TS2339: Property 'geo' does not exist on type 'NextRequest'.
src/app/api/auth/2fa/route.ts(56,23): error TS2339: Property 'geo' does not exist on type 'NextRequest'.
src/app/api/auth/2fa/route.ts(86,28): error TS2339: Property 'ip' does not exist on type 'NextRequest'.
src/app/api/auth/2fa/route.ts(89,26): error TS2339: Property 'geo' does not exist on type 'NextRequest'.
src/app/api/auth/2fa/route.ts(90,23): error TS2339: Property 'geo' does not exist on type 'NextRequest'.
src/app/api/auth/2fa/route.ts(117,20): error TS2339: Property 'ip' does not exist on type 'NextRequest'.
src/app/api/auth/2fa/route.ts(125,26): error TS2339: Property 'geo' does not exist on type 'NextRequest'.
src/app/api/auth/2fa/route.ts(126,23): error TS2339: Property 'geo' does not exist on type 'NextRequest'.
src/app/api/auth/login/route.ts(15,16): error TS2339: Property 'ip' does not exist on type 'NextRequest'.
src/app/api/auth/login/route.ts(41,26): error TS2339: Property 'geo' does not exist on type 'NextRequest'.
src/app/api/auth/login/route.ts(42,23): error TS2339: Property 'geo' does not exist on type 'NextRequest'.
src/app/api/auth/login/route.ts(58,26): error TS2339: Property 'geo' does not exist on type 'NextRequest'.
src/app/api/auth/login/route.ts(59,23): error TS2339: Property 'geo' does not exist on type 'NextRequest'.
src/app/api/courses/[courseId]/route.ts(84,36): error TS2345: Argument of type '{ theme: string | null; id: string; name: string; updatedAt: Date | null; email: string; password: string; avatar: string | null; role: UserRole; registeredDate: Date | null; ... 7 more ...; processId: string | null; }' is not assignable to parameter of type 'User'.
  Types of property 'registeredDate' are incompatible.
    Type 'Date | null' is not assignable to type 'string | Date | undefined'.
      Type 'null' is not assignable to type 'string | Date | undefined'.
src/app/api/courses/[courseId]/route.ts(159,21): error TS2322: Type 'import("C:/Users/LENOVO/Finalization/Finalmente-NexusAlpri/src/types").QuestionType' is not assignable to type 'import("C:/Users/LENOVO/Finalization/Finalmente-NexusAlpri/node_modules/.prisma/client/index").$Enums.QuestionType'.
  Type '"OPEN_ENDED"' is not assignable to type 'QuestionType'.
src/app/api/courses/[courseId]/route.ts(217,36): error TS2345: Argument of type '{ theme: string | null; id: string; name: string; updatedAt: Date | null; email: string; password: string; avatar: string | null; role: UserRole; registeredDate: Date | null; ... 7 more ...; processId: string | null; }' is not assignable to parameter of type 'User'.
  Types of property 'registeredDate' are incompatible.
    Type 'Date | null' is not assignable to type 'string | Date | undefined'.
      Type 'null' is not assignable to type 'string | Date | undefined'.
src/app/api/courses/[courseId]/status/route.ts(48,30): error TS2339: Property 'ip' does not exist on type 'NextRequest'.
src/app/api/courses/assignments/route.ts(25,61): error TS2345: Argument of type '{ theme: string | null; id: string; name: string; updatedAt: Date | null; email: string; password: string; avatar: string | null; role: UserRole; registeredDate: Date | null; ... 7 more ...; processId: string | null; }' is not assignable to parameter of type 'User'.
  Types of property 'registeredDate' are incompatible.
    Type 'Date | null' is not assignable to type 'string | Date | undefined'.
      Type 'null' is not assignable to type 'string | Date | undefined'.
src/app/api/courses/route.ts(206,24): error TS2339: Property 'ip' does not exist on type 'NextRequest'.
src/app/api/courses/route.ts(207,25): error TS2339: Property 'geo' does not exist on type 'NextRequest'.
src/app/api/cron/notify-interactive-events/route.ts(58,53): error TS2352: Conversion of type '({ attendees: { id: string; name: string; email: string; }[]; } & { id: string; parentId: string | null; updatedAt: Date; description: string | null; title: string; color: string; createdAt: Date; ... 11 more ...; isInteractive: boolean; })[]' to type 'CalendarEvent[]' may be a mistake because neither type sufficiently overlaps with the other. If this was intentional, convert the expression to 'unknown' first.
  Type '{ attendees: { id: string; name: string; email: string; }[]; } & { id: string; parentId: string | null; updatedAt: Date; description: string | null; title: string; color: string; createdAt: Date; ... 11 more ...; isInteractive: boolean; }' is not comparable to type 'CalendarEvent'.
    Types of property 'start' are incompatible.
      Type 'Date' is not comparable to type 'string'.
src/app/api/dashboard/data/route.ts(132,53): error TS2345: Argument of type '{ id: string; parentId: string | null; updatedAt: Date; description: string | null; title: string; color: string; createdAt: Date; imageUrl: string | null; attachments: JsonValue[]; ... 9 more ...; isInteractive: boolean; }[]' is not assignable to parameter of type 'CalendarEvent[]'.
  Property 'attendees' is missing in type '{ id: string; parentId: string | null; updatedAt: Date; description: string | null; title: string; color: string; createdAt: Date; imageUrl: string | null; attachments: JsonValue[]; ... 9 more ...; isInteractive: boolean; }' but required in type 'CalendarEvent'.
src/app/api/dashboard/data/route.ts(172,66): error TS2345: Argument of type '{ id: string; parentId: string | null; updatedAt: Date; description: string | null; title: string; color: string; createdAt: Date; imageUrl: string | null; attachments: JsonValue[]; ... 9 more ...; isInteractive: boolean; }[]' is not assignable to parameter of type 'CalendarEvent[]'.
  Property 'attendees' is missing in type '{ id: string; parentId: string | null; updatedAt: Date; description: string | null; title: string; color: string; createdAt: Date; imageUrl: string | null; attachments: JsonValue[]; ... 9 more ...; isInteractive: boolean; }' but required in type 'CalendarEvent'.
src/app/api/dashboard/data/route.ts(179,11): error TS2322: Type '{ enrollmentId: string; isEnrolled: true; progressPercentage: number; instructor: { id: string; name: string; avatar: string | null; }; modulesCount: number; lessonsCount?: number | undefined; ... 20 more ...; prerequisiteId: string | null; }[]' is not assignable to type 'EnrolledCourse[]'.
  Property 'enrolledAt' is missing in type '{ enrollmentId: string; isEnrolled: true; progressPercentage: number; instructor: { id: string; name: string; avatar: string | null; }; modulesCount: number; ... 21 more ...; prerequisiteId: string | null; }' but required in type 'EnrolledCourse'.
src/app/api/dashboard/data/route.ts(231,17): error TS2353: Object literal may only specify known properties, and 'lessons' does not exist in type '{ modules?: number | undefined; enrollments?: number | undefined; }'.
src/app/api/events/participate/route.ts(44,15): error TS2353: Object literal may only specify known properties, and 'createdAt' does not exist in type 'EventParticipationSelect<DefaultArgs>'.
src/app/api/events/participate/route.ts(63,50): error TS2339: Property 'createdAt' does not exist on type '{ id: string; userId: string; eventId: string; occurrenceDate: Date; confirmedAt: Date; }'.
src/app/api/events/participate/route.ts(63,88): error TS2339: Property 'updatedAt' does not exist on type '{ id: string; userId: string; eventId: string; occurrenceDate: Date; confirmedAt: Date; }'.
src/app/api/events/participations/route.ts(41,17): error TS2353: Object literal may only specify known properties, and 'createdAt' does not exist in type 'EventParticipationOrderByWithRelationInput | EventParticipationOrderByWithRelationInput[]'.
src/app/api/forms/[id]/route.ts(5,15): error TS2305: Module '"@/types"' has no exported member 'FormField'.
src/app/api/motivations/[id]/route.ts(79,26): error TS2353: Object literal may only specify known properties, and 'motivationalMessageId' does not exist in type 'NotificationWhereInput'.
src/app/api/progress/[userId]/[courseId]/quiz/route.ts(68,85): error TS2339: Property 'PERFECT_SCORE' does not exist on type '{ FIRST_ENROLLMENT: string; FIRST_COURSE_COMPLETED: string; PERFECT_QUIZ_SCORE: string; FIVE_COURSES_COMPLETED: string; FIRST_NOTE: string; FIRST_REACTION: string; FIRST_RESOURCE_DOWNLOAD: string; ... 6 more ...; LEVEL_20_REACHED: string; }'.
src/app/api/quizzes/resource/[resourceId]/route.ts(19,56): error TS2345: Argument of type '{ theme: string | null; id: string; name: string; updatedAt: Date | null; email: string; password: string; avatar: string | null; role: UserRole; registeredDate: Date | null; ... 7 more ...; processId: string | null; }' is not assignable to parameter of type 'User'.
  Types of property 'registeredDate' are incompatible.
    Type 'Date | null' is not assignable to type 'string | Date | undefined'.
      Type 'null' is not assignable to type 'string | Date | undefined'.
src/app/api/resources/[id]/pin/route.ts(13,56): error TS2345: Argument of type '{ theme: string | null; id: string; name: string; updatedAt: Date | null; email: string; password: string; avatar: string | null; role: UserRole; registeredDate: Date | null; ... 7 more ...; processId: string | null; } | null' is not assignable to parameter of type 'User | null'.
  Type '{ theme: string | null; id: string; name: string; updatedAt: Date | null; email: string; password: string; avatar: string | null; role: UserRole; registeredDate: Date | null; ... 7 more ...; processId: string | null; }' is not assignable to type 'User'.
    Types of property 'registeredDate' are incompatible.
      Type 'Date | null' is not assignable to type 'string | Date | undefined'.
        Type 'null' is not assignable to type 'string | Date | undefined'.
src/app/api/resources/[id]/route.ts(46,56): error TS2345: Argument of type '{ theme: string | null; id: string; name: string; updatedAt: Date | null; email: string; password: string; avatar: string | null; role: UserRole; registeredDate: Date | null; ... 7 more ...; processId: string | null; } | null' is not assignable to parameter of type 'User | null'.
  Type '{ theme: string | null; id: string; name: string; updatedAt: Date | null; email: string; password: string; avatar: string | null; role: UserRole; registeredDate: Date | null; ... 7 more ...; processId: string | null; }' is not assignable to type 'User'.
    Types of property 'registeredDate' are incompatible.
      Type 'Date | null' is not assignable to type 'string | Date | undefined'.
        Type 'null' is not assignable to type 'string | Date | undefined'.
src/app/api/resources/[id]/route.ts(181,56): error TS2345: Argument of type '{ theme: string | null; id: string; name: string; updatedAt: Date | null; email: string; password: string; avatar: string | null; role: UserRole; registeredDate: Date | null; ... 7 more ...; processId: string | null; } | null' is not assignable to parameter of type 'User | null'.
  Type '{ theme: string | null; id: string; name: string; updatedAt: Date | null; email: string; password: string; avatar: string | null; role: UserRole; registeredDate: Date | null; ... 7 more ...; processId: string | null; }' is not assignable to type 'User'.
    Types of property 'registeredDate' are incompatible.
      Type 'Date | null' is not assignable to type 'string | Date | undefined'.
        Type 'null' is not assignable to type 'string | Date | undefined'.
src/app/api/resources/[id]/versions/route.ts(13,56): error TS2345: Argument of type '{ theme: string | null; id: string; name: string; updatedAt: Date | null; email: string; password: string; avatar: string | null; role: UserRole; registeredDate: Date | null; ... 7 more ...; processId: string | null; } | null' is not assignable to parameter of type 'User | null'.
  Type '{ theme: string | null; id: string; name: string; updatedAt: Date | null; email: string; password: string; avatar: string | null; role: UserRole; registeredDate: Date | null; ... 7 more ...; processId: string | null; }' is not assignable to type 'User'.
    Types of property 'registeredDate' are incompatible.
      Type 'Date | null' is not assignable to type 'string | Date | undefined'.
        Type 'null' is not assignable to type 'string | Date | undefined'.
src/app/api/resources/route.ts(80,49): error TS2698: Spread types may only be created from object types.
src/app/api/resources/route.ts(81,47): error TS2698: Spread types may only be created from object types.
src/app/api/security/stats/route.ts(77,13): error TS2322: Type '(PickEnumerable<SecurityLogGroupByOutputType, ("ipAddress" | "country")[]> & { _count: { ipAddress: number; }; })[]' is not assignable to type '{ ip: string; count: number; country: string; }[]'.
  Type 'PickEnumerable<SecurityLogGroupByOutputType, ("ipAddress" | "country")[]> & { _count: { ipAddress: number; }; }' is missing the following properties from type '{ ip: string; count: number; country: string; }': ip, count
src/app/api/security/stats/route.ts(78,13): error TS1117: An object literal cannot have multiple properties with the same name.
src/app/api/security/stats/route.ts(78,13): error TS2322: Type '(PickEnumerable<SecurityLogGroupByOutputType, ("ipAddress" | "country")[]> & { _count: { ipAddress: number; }; })[]' is not assignable to type '{ ip: string; count: number; country: string; }[]'.
  Type 'PickEnumerable<SecurityLogGroupByOutputType, ("ipAddress" | "country")[]> & { _count: { ipAddress: number; }; }' is missing the following properties from type '{ ip: string; count: number; country: string; }': ip, count
src/app/api/settings/route.ts(63,5): error TS2322: Type '{ resourceCategories: string[]; emailWhitelist: string; platformName: string; projectVersion: string; allowPublicRegistration: boolean; enableEmailNotifications: boolean; passwordMinLength: number; ... 39 more ...; roadmapImageUrl: null; }' is not assignable to type 'PlatformSettings'.
  Types of property 'roadmapVisibleTo' are incompatible.
    Type 'string[]' is not assignable to type 'UserRole[]'.
      Type 'string' is not assignable to type 'UserRole'.
src/app/api/settings/route.ts(77,9): error TS2322: Type '{ id: string; platformName: string; projectVersion: string; allowPublicRegistration: boolean; enableEmailNotifications: boolean; emailWhitelist: string; resourceCategories: string; passwordMinLength: number; ... 39 more ...; roadmapImageUrl: null; }' is not assignable to type '(Without<PlatformSettingsCreateInput, PlatformSettingsUncheckedCreateInput> & PlatformSettingsUncheckedCreateInput) | (Without<...> & PlatformSettingsCreateInput)'.
  Type '{ id: string; platformName: string; projectVersion: string; allowPublicRegistration: boolean; enableEmailNotifications: boolean; emailWhitelist: string; resourceCategories: string; passwordMinLength: number; ... 39 more ...; roadmapImageUrl: null; }' is not assignable to type 'Without<PlatformSettingsUncheckedCreateInput, PlatformSettingsCreateInput> & PlatformSettingsCreateInput'.
    Type '{ id: string; platformName: string; projectVersion: string; allowPublicRegistration: boolean; enableEmailNotifications: boolean; emailWhitelist: string; resourceCategories: string; passwordMinLength: number; ... 39 more ...; roadmapImageUrl: null; }' is not assignable to type 'PlatformSettingsCreateInput'.
      Types of property 'roadmapVisibleTo' are incompatible.
        Type 'string[]' is not assignable to type 'UserRole[] | PlatformSettingsCreateroadmapVisibleToInput | undefined'.
          Type 'string[]' is not assignable to type 'UserRole[]'.
            Type 'string' is not assignable to type 'UserRole'.
src/app/api/settings/route.ts(84,11): error TS2322: Type '{ resourceCategories: string[]; emailWhitelist: string; roadmapPhases: string[]; roadmapVisibleTo: $Enums.UserRole[]; accentColor: string | null; id: string; platformName: string; ... 44 more ...; updatedAt: Date; }' is not assignable to type 'PlatformSettings'.
  Types of property 'primaryColor' are incompatible.
    Type 'string | null' is not assignable to type 'string | undefined'.
      Type 'null' is not assignable to type 'string | undefined'.
src/app/api/settings/route.ts(197,11): error TS2322: Type '{ resourceCategories: string[]; emailWhitelist: string; roadmapPhases: string[]; roadmapVisibleTo: $Enums.UserRole[]; accentColor: string | null; id: string; platformName: string; ... 44 more ...; updatedAt: Date; }' is not assignable to type 'PlatformSettings'.
  Types of property 'primaryColor' are incompatible.
    Type 'string | null' is not assignable to type 'string | undefined'.
      Type 'null' is not assignable to type 'string | undefined'.
src/app/api/users/[id]/change-password/route.ts(63,24): error TS2339: Property 'ip' does not exist on type 'NextRequest'.
src/app/api/users/[id]/change-password/route.ts(70,30): error TS2339: Property 'geo' does not exist on type 'NextRequest'.
src/app/api/users/[id]/change-password/route.ts(71,27): error TS2339: Property 'geo' does not exist on type 'NextRequest'.
src/app/api/users/[id]/route.ts(50,24): error TS2339: Property 'ip' does not exist on type 'NextRequest'.
src/app/api/users/[id]/route.ts(83,38): error TS2339: Property 'geo' does not exist on type 'NextRequest'.
src/app/api/users/[id]/route.ts(84,35): error TS2339: Property 'geo' does not exist on type 'NextRequest'.
src/components/announcements/announcement-creator.tsx(171,29): error TS2322: Type '{ value: string; onChange: Dispatch<SetStateAction<string>>; placeholder: string; disabled: boolean; }' is not assignable to type 'IntrinsicAttributes & RichTextEditorProps'.
  Property 'placeholder' does not exist on type 'IntrinsicAttributes & RichTextEditorProps'.
src/components/calendar/event-details-view.tsx(10,10): error TS2305: Module '"@/lib/security-log-utils"' has no exported member 'getInitials'.
src/components/calendar/event-editor-modal.tsx(250,34): error TS2345: Argument of type '(prev: Attachment[]) => (Attachment | { url: string; name: string; })[]' is not assignable to parameter of type 'SetStateAction<Attachment[]>'.
  Type '(prev: Attachment[]) => (Attachment | { url: string; name: string; })[]' is not assignable to type '(prevState: Attachment[]) => Attachment[]'.
    Type '(Attachment | { url: string; name: string; })[]' is not assignable to type 'Attachment[]'.
      Type 'Attachment | { url: string; name: string; }' is not assignable to type 'Attachment'.
        Type '{ url: string; name: string; }' is missing the following properties from type 'Attachment': type, size
src/components/calendar/event-editor-modal.tsx(361,87): error TS2345: Argument of type 'FileList | null' is not assignable to parameter of type 'File | null'.
  Type 'FileList' is missing the following properties from type 'File': lastModified, name, webkitRelativePath, size, and 6 more.
src/components/certificates/certificate-editor-modal.tsx(82,22): error TS2345: Argument of type 'string' is not assignable to parameter of type 'File'.
src/components/certificates/certificate-editor-modal.tsx(116,75): error TS2345: Argument of type 'FileList' is not assignable to parameter of type 'File'.
  Type 'FileList' is missing the following properties from type 'File': lastModified, name, webkitRelativePath, size, and 6 more.
src/components/certificates/certificate-editor-modal.tsx(238,15): error TS2322: Type 'string | null' is not assignable to type 'string | undefined'.
  Type 'null' is not assignable to type 'string | undefined'.
src/components/certificates/certificate-editor-modal.tsx(261,109): error TS2322: Type 'Dispatch<SetStateAction<string | null>>' is not assignable to type '(file: File | null) => void'.
  Types of parameters 'value' and 'file' are incompatible.
    Type 'File | null' is not assignable to type 'SetStateAction<string | null>'.
      Type 'File' is not assignable to type 'SetStateAction<string | null>'.
src/components/certificates/certificate-editor-modal.tsx(262,99): error TS2322: Type 'Dispatch<SetStateAction<string | null>>' is not assignable to type '(file: File | null) => void'.
  Types of parameters 'value' and 'file' are incompatible.
    Type 'File | null' is not assignable to type 'SetStateAction<string | null>'.
      Type 'File' is not assignable to type 'SetStateAction<string | null>'.
src/components/certificates/certificate-editor-modal.tsx(263,118): error TS2322: Type 'Dispatch<SetStateAction<string | null>>' is not assignable to type '(file: File | null) => void'.
  Types of parameters 'value' and 'file' are incompatible.
    Type 'File | null' is not assignable to type 'SetStateAction<string | null>'.
      Type 'File' is not assignable to type 'SetStateAction<string | null>'.
src/components/certificates/certificate-interactable-preview.tsx(33,33): error TS2339: Property 'width' does not exist on type '{ x: number; y: number; fontSize: number; fontWeight: string; textAlign: "center" | "left" | "right"; }'.
src/components/certificates/certificate-interactable-preview.tsx(34,34): error TS2339: Property 'height' does not exist on type '{ x: number; y: number; fontSize: number; fontWeight: string; textAlign: "center" | "left" | "right"; }'.
src/components/course-card.tsx(360,88): error TS2345: Argument of type 'Event' is not assignable to parameter of type 'MouseEvent<Element, MouseEvent>'.
  Type 'Event' is missing the following properties from type 'MouseEvent<Element, MouseEvent>': altKey, button, buttons, clientX, and 18 more.
src/components/course-card.tsx(362,65): error TS2345: Argument of type 'Event' is not assignable to parameter of type 'MouseEvent<Element, MouseEvent>'.
  Type 'Event' is missing the following properties from type 'MouseEvent<Element, MouseEvent>': altKey, button, buttons, clientX, and 18 more.
src/components/course-card.tsx(363,65): error TS2345: Argument of type 'Event' is not assignable to parameter of type 'MouseEvent<Element, MouseEvent>'.
  Type 'Event' is missing the following properties from type 'MouseEvent<Element, MouseEvent>': altKey, button, buttons, clientX, and 18 more.
src/components/course-card.tsx(364,65): error TS2345: Argument of type 'Event' is not assignable to parameter of type 'MouseEvent<Element, MouseEvent>'.
  Type 'Event' is missing the following properties from type 'MouseEvent<Element, MouseEvent>': altKey, button, buttons, clientX, and 18 more.
src/components/course-card.tsx(366,65): error TS2345: Argument of type 'Event' is not assignable to parameter of type 'MouseEvent<Element, MouseEvent>'.
  Type 'Event' is missing the following properties from type 'MouseEvent<Element, MouseEvent>': altKey, button, buttons, clientX, and 18 more.
src/components/dashboard/admin-dashboard.tsx(68,83): error TS2339: Property 'color' does not exist on type '{ label: string; } | { label: string; color: string; } | { label: string; color: string; } | { label: string; color: string; }'.
  Property 'color' does not exist on type '{ label: string; }'.
src/components/forms/form-editor.tsx(17,24): error TS2305: Module '"@/types"' has no exported member 'FormField'.
src/components/forms/form-editor.tsx(400,29): error TS2322: Type 'string | null' is not assignable to type 'string | number | readonly string[] | undefined'.
  Type 'null' is not assignable to type 'string | number | readonly string[] | undefined'.
src/components/icons/icon-award.tsx(23,16): error TS2304: Cannot find name 'SVGComponent'.
src/components/icons/icon-file-text.tsx(13,7): error TS2353: Object literal may only specify known properties, and 'enableBackground' does not exist in type 'Properties<string | number, string & {}>'.
src/components/icons/icon-graduation-cap.tsx(14,7): error TS2353: Object literal may only specify known properties, and 'enableBackground' does not exist in type 'Properties<string | number, string & {}>'.
src/components/icons/icon-graduation-cap.tsx(109,16): error TS2304: Cannot find name 'SVGComponent'.
src/components/icons/icon-list-checks.tsx(14,7): error TS2353: Object literal may only specify known properties, and 'enableBackground' does not exist in type 'Properties<string | number, string & {}>'.
src/components/icons/icon-list-checks.tsx(289,16): error TS2304: Cannot find name 'SVGComponent'.
src/components/icons/icon-megaphone.tsx(14,7): error TS2353: Object literal may only specify known properties, and 'enableBackground' does not exist in type 'Properties<string | number, string & {}>'.
src/components/icons/icon-megaphone.tsx(121,16): error TS2304: Cannot find name 'SVGComponent'.
src/components/icons/icon-message-square.tsx(73,16): error TS2304: Cannot find name 'SVGComponent'.
src/components/icons/icon-network.tsx(14,7): error TS2353: Object literal may only specify known properties, and 'enableBackground' does not exist in type 'Properties<string | number, string & {}>'.
src/components/icons/icon-network.tsx(215,16): error TS2304: Cannot find name 'SVGComponent'.
src/components/icons/icon-paintbrush.tsx(79,16): error TS2304: Cannot find name 'SVGComponent'.
src/components/icons/icon-screen-share.tsx(14,7): error TS2353: Object literal may only specify known properties, and 'enableBackground' does not exist in type 'Properties<string | number, string & {}>'.
src/components/icons/icon-screen-share.tsx(157,13): error TS2353: Object literal may only specify known properties, and 'enableBackground' does not exist in type 'Properties<string | number, string & {}>'.
src/components/icons/icon-screen-share.tsx(165,13): error TS2353: Object literal may only specify known properties, and 'enableBackground' does not exist in type 'Properties<string | number, string & {}>'.
src/components/icons/icon-screen-share.tsx(175,13): error TS2353: Object literal may only specify known properties, and 'enableBackground' does not exist in type 'Properties<string | number, string & {}>'.
src/components/icons/icon-screen-share.tsx(185,13): error TS2353: Object literal may only specify known properties, and 'enableBackground' does not exist in type 'Properties<string | number, string & {}>'.
src/components/icons/icon-screen-share.tsx(195,13): error TS2353: Object literal may only specify known properties, and 'enableBackground' does not exist in type 'Properties<string | number, string & {}>'.
src/components/icons/icon-screen-share.tsx(203,13): error TS2353: Object literal may only specify known properties, and 'enableBackground' does not exist in type 'Properties<string | number, string & {}>'.
src/components/icons/icon-screen-share.tsx(213,13): error TS2353: Object literal may only specify known properties, and 'enableBackground' does not exist in type 'Properties<string | number, string & {}>'.
src/components/icons/icon-screen-share.tsx(221,16): error TS2304: Cannot find name 'SVGComponent'.
src/components/icons/icon-sparkles.tsx(26,16): error TS2304: Cannot find name 'SVGComponent'.
src/components/icons/icon-test-tube-2.tsx(14,7): error TS2353: Object literal may only specify known properties, and 'enableBackground' does not exist in type 'Properties<string | number, string & {}>'.
src/components/icons/icon-test-tube-2.tsx(151,16): error TS2304: Cannot find name 'SVGComponent'.
src/components/icons/icon-users-round.tsx(13,7): error TS2353: Object literal may only specify known properties, and 'enableBackground' does not exist in type 'Properties<string | number, string & {}>'.
src/components/icons/icon-users-round.tsx(126,16): error TS2304: Cannot find name 'SVGComponent'.
src/components/icons/icon-users-total.tsx(14,7): error TS2353: Object literal may only specify known properties, and 'enableBackground' does not exist in type 'Properties<string | number, string & {}>'.
src/components/icons/icon-users-total.tsx(194,16): error TS2304: Cannot find name 'SVGComponent'.
src/components/image-cropper.tsx(120,22): error TS2304: Cannot find name 'Label'.
src/components/image-cropper.tsx(120,113): error TS2304: Cannot find name 'Label'.
src/components/image-cropper.tsx(124,22): error TS2304: Cannot find name 'Label'.
src/components/image-cropper.tsx(124,120): error TS2304: Cannot find name 'Label'.
src/components/layout/sidebar.tsx(15,74): error TS2307: Cannot find module './tooltip' or its corresponding type declarations.
src/components/layout/sidebar.tsx(16,78): error TS2307: Cannot find module './accordion' or its corresponding type declarations.
src/components/layout/sidebar.tsx(19,24): error TS2307: Cannot find module './switch' or its corresponding type declarations.
src/components/layout/sidebar.tsx(20,23): error TS2307: Cannot find module './label' or its corresponding type declarations.
src/components/layout/sidebar.tsx(21,30): error TS2307: Cannot find module './gradient-icon' or its corresponding type declarations.
src/components/manage-courses-page.tsx(451,93): error TS2304: Cannot find name 'Edit'.
src/components/manage-courses-page.tsx(453,94): error TS2304: Cannot find name 'Users'.
src/components/manage-courses-page.tsx(454,88): error TS2345: Argument of type 'Event' is not assignable to parameter of type 'MouseEvent<Element, MouseEvent>'.
  Type 'Event' is missing the following properties from type 'MouseEvent<Element, MouseEvent>': altKey, button, buttons, clientX, and 18 more.
src/components/manage-courses-page.tsx(454,103): error TS2304: Cannot find name 'Users'.
src/components/manage-courses-page.tsx(456,65): error TS2345: Argument of type 'Event' is not assignable to parameter of type 'MouseEvent<Element, MouseEvent>'.
  Type 'Event' is missing the following properties from type 'MouseEvent<Element, MouseEvent>': altKey, button, buttons, clientX, and 18 more.
src/components/manage-courses-page.tsx(457,65): error TS2345: Argument of type 'Event' is not assignable to parameter of type 'MouseEvent<Element, MouseEvent>'.
  Type 'Event' is missing the following properties from type 'MouseEvent<Element, MouseEvent>': altKey, button, buttons, clientX, and 18 more.
src/components/manage-courses-page.tsx(458,65): error TS2345: Argument of type 'Event' is not assignable to parameter of type 'MouseEvent<Element, MouseEvent>'.
  Type 'Event' is missing the following properties from type 'MouseEvent<Element, MouseEvent>': altKey, button, buttons, clientX, and 18 more.
src/components/manage-courses-page.tsx(460,65): error TS2345: Argument of type 'Event' is not assignable to parameter of type 'MouseEvent<Element, MouseEvent>'.
  Type 'Event' is missing the following properties from type 'MouseEvent<Element, MouseEvent>': altKey, button, buttons, clientX, and 18 more.
src/components/motivations/motivation-editor-modal.tsx(47,5): error TS2353: Object literal may only specify known properties, and 'LESSON_COMPLETION' does not exist in type 'Record<MotivationalMessageTriggerType, string>'.
src/components/motivations/motivation-editor-modal.tsx(207,33): error TS2322: Type '{ value: string; onChange: Dispatch<SetStateAction<string>>; variant: "mini"; className: string; }' is not assignable to type 'IntrinsicAttributes & RichTextEditorProps'.
  Property 'className' does not exist on type 'IntrinsicAttributes & RichTextEditorProps'.
src/components/motivations/motivation-editor-modal.tsx(234,85): error TS2322: Type '(file: File | null) => Promise<void>' is not assignable to type '(files: FileList | null) => void'.
  Types of parameters 'file' and 'files' are incompatible.
    Type 'FileList | null' is not assignable to type 'File | null'.
      Type 'FileList' is missing the following properties from type 'File': lastModified, name, webkitRelativePath, size, and 6 more.
src/components/pp/calendar-view.tsx(15,5): error TS2769: No overload matches this call.
  Overload 1 of 2, '(...items: ConcatArray<null>[]): null[]', gave the following error.
    Argument of type 'number[]' is not assignable to parameter of type 'ConcatArray<null>'.
      The types returned by 'slice(...)' are incompatible between these types.
        Type 'number[]' is not assignable to type 'null[]'.
          Type 'number' is not assignable to type 'null'.
  Overload 2 of 2, '(...items: (ConcatArray<null> | null)[]): null[]', gave the following error.
    Argument of type 'number[]' is not assignable to parameter of type 'ConcatArray<null>'.
      The types returned by 'slice(...)' are incompatible between these types.
        Type 'number[]' is not assignable to type 'null[]'.
          Type 'number' is not assignable to type 'null'.
src/components/profile/page.tsx(376,17): error TS2322: Type '(file: File | null) => void' is not assignable to type '(files: FileList | null) => void'.
  Types of parameters 'file' and 'files' are incompatible.
    Type 'FileList | null' is not assignable to type 'File | null'.
      Type 'FileList' is missing the following properties from type 'File': lastModified, name, webkitRelativePath, size, and 6 more.
src/components/profile/page.tsx(402,22): error TS2304: Cannot find name 'Badge'.
src/components/profile/page.tsx(402,139): error TS2304: Cannot find name 'Badge'.
src/components/quiz-viewer.tsx(38,59): error TS18048: 'maxAttempts' is possibly 'undefined'.
src/components/quiz-viewer.tsx(106,120): error TS18048: 'maxAttempts' is possibly 'undefined'.
src/components/quiz-viewer.tsx(126,11): error TS2322: Type 'Question' is not assignable to type 'AppQuestion'.
  Type 'Question' is missing the following properties from type 'Omit<{ options: JsonValue[]; } & { order: number; id: string; imageUrl: string | null; type: FormFieldType; label: string; template: string | null; options: JsonValue[]; required: boolean; placeholder: string | null; formId: string; }, "id" | "options">': label, required, placeholder, formId
src/components/quizz-it/multiple-choice-template.tsx(4,15): error TS2305: Module '"@/types"' has no exported member 'FormField'.
src/components/quizz-it/multiple-choice-template.tsx(11,44): error TS2307: Cannot find module '../quiz-editor-modal' or its corresponding type declarations.
src/components/resources/interactive-quiz-editor.tsx(5,32): error TS2305: Module '"@/types"' has no exported member 'AppQuiz'.
src/components/resources/interactive-quiz-editor.tsx(263,22): error TS2304: Cannot find name 'CardFooter'.
src/components/resources/interactive-quiz-editor.tsx(267,23): error TS2304: Cannot find name 'CardFooter'.
src/components/resources/resource-editor-modal.tsx(459,137): error TS2322: Type '{ value: string; onChange: Dispatch<SetStateAction<string>>; className: string; }' is not assignable to type 'IntrinsicAttributes & RichTextEditorProps'.
  Property 'className' does not exist on type 'IntrinsicAttributes & RichTextEditorProps'.
src/components/resources/resource-list-item.tsx(77,75): error TS2304: Cannot find name 'User'.
src/components/resources/resource-list-item.tsx(80,84): error TS2339: Property 'ispublic' does not exist on type 'AppResourceType'.
src/components/resources/resource-list-item.tsx(103,77): error TS2322: Type '{ key: string; resource: AppResourceType; onSelect: (resource: AppResourceType) => void; onEdit: (resource: AppResourceType) => void; ... 5 more ...; canManage: boolean; }' is not assignable to type 'IntrinsicAttributes & Omit<ResourceListItemProps, "resources" | "selectedIds"> & { isSelected: boolean; canManage: boolean; }'.
  Property 'resource' does not exist on type 'IntrinsicAttributes & Omit<ResourceListItemProps, "resources" | "selectedIds"> & { isSelected: boolean; canManage: boolean; }'.
src/components/resources/resource-list-item.tsx(110,26): error TS2339: Property 'resource' does not exist on type 'Omit<ResourceListItemProps, "resources" | "selectedIds"> & { isSelected: boolean; canManage: boolean; }'.
src/components/resources/resource-preview-modal.tsx(302,27): error TS2339: Property 'ispublic' does not exist on type 'AppResourceType'.
src/components/resources/resource-preview-modal.tsx(303,33): error TS2339: Property 'ispublic' does not exist on type 'AppResourceType'.
src/components/resources/resource-preview-modal.tsx(305,24): error TS2339: Property 'ispublic' does not exist on type 'AppResourceType'.
src/components/resources/resource-preview-modal.tsx(377,42): error TS2322: Type 'string | null' is not assignable to type 'string'.
  Type 'null' is not assignable to type 'string'.
src/components/roadmap/interactive-roadmap.tsx(49,10): error TS2305: Module '"lucide-react"' has no exported member 'IconUsers'.
src/components/roadmap/roadmap-editor-modal.tsx(49,26): error TS2307: Cannot find module './ui/checkbox' or its corresponding type declarations.
src/components/roadmap/roadmap-editor-modal.tsx(201,33): error TS2322: Type '{ value: string; onChange: Dispatch<SetStateAction<string>>; variant: "mini"; className: string; }' is not assignable to type 'IntrinsicAttributes & RichTextEditorProps'.
  Property 'className' does not exist on type 'IntrinsicAttributes & RichTextEditorProps'.
src/components/security/security-log-detail-sheet.tsx(29,37): error TS2345: Argument of type 'string' is not assignable to parameter of type 'SecurityLogEvent'.
src/components/security/security-log-detail-sheet.tsx(31,27): error TS7053: Element implicitly has an 'any' type because expression of type '"Footprints" | "GraduationCap" | "Target" | "Award" | "Notebook" | "Megaphone" | "Compass" | "Send" | "Library" | "BrainCircuit" | "Star" | "ChevronsUp" | "Crown" | "Gem" | "Lightbulb" | ... 5099 more ... | "icons"' can't be used to index type '{ ShieldCheck: ForwardRefExoticComponent<Omit<LucideProps, "ref"> & RefAttributes<SVGSVGElement>>; ... 4 more ...; BookMarked: ForwardRefExoticComponent<...>; }'.
  Property 'Footprints' does not exist on type '{ ShieldCheck: ForwardRefExoticComponent<Omit<LucideProps, "ref"> & RefAttributes<SVGSVGElement>>; ... 4 more ...; BookMarked: ForwardRefExoticComponent<...>; }'.
src/components/security/security-log-table.tsx(57,50): error TS2339: Property 'icon' does not exist on type 'EventDetails'.
src/components/security/security-log-table.tsx(80,49): error TS2345: Argument of type 'Date' is not assignable to parameter of type 'string'.
src/components/security/security-log-timeline.tsx(21,37): error TS2345: Argument of type 'string' is not assignable to parameter of type 'SecurityLogEvent'.
src/components/sticky-note-card.tsx(119,79): error TS2322: Type '{ value: string; onChange: Dispatch<SetStateAction<string>>; disabled: boolean; className: string; }' is not assignable to type 'IntrinsicAttributes & RichTextEditorProps'.
  Property 'disabled' does not exist on type 'IntrinsicAttributes & RichTextEditorProps'.
src/components/ui/export-to-csv.tsx(24,7): error TS7053: Element implicitly has an 'any' type because expression of type 'string' can't be used to index type '{}'.
  No index signature with a parameter of type 'string' was found on type '{}'.
src/components/ui/rich-text-editor.tsx(7,15): error TS2614: Module '"react-quill-new"' has no exported member 'ReactQuillProps'. Did you mean to use 'import ReactQuillProps from "react-quill-new"' instead?
src/components/ui/rich-text-editor.tsx(54,3): error TS2339: Property 'className' does not exist on type 'RichTextEditorProps'.
src/components/users/page.tsx(45,11): error TS2430: Interface 'ProcessWithChildren' incorrectly extends interface 'Process'.
  Type 'ProcessWithChildren' is not assignable to type '{ children: { id: string; name: string; parentId: string | null; }[]; users: { theme: string | null; id: string; name: string; updatedAt: Date | null; email: string; password: string; avatar: string | null; ... 9 more ...; processId: string | null; }[]; }'.
    Types of property 'users' are incompatible.
      Type 'Pick<User, "id" | "name" | "avatar">[]' is not assignable to type '{ theme: string | null; id: string; name: string; updatedAt: Date | null; email: string; password: string; avatar: string | null; role: UserRole; registeredDate: Date | null; ... 7 more ...; processId: string | null; }[]'.
        Type 'Pick<User, "id" | "name" | "avatar">' is missing the following properties from type '{ theme: string | null; id: string; name: string; updatedAt: Date | null; email: string; password: string; avatar: string | null; role: UserRole; registeredDate: Date | null; ... 7 more ...; processId: string | null; }': theme, updatedAt, email, password, and 10 more.
src/components/users/page.tsx(211,36): error TS2304: Cannot find name 'id'.
src/components/users/page.tsx(301,49): error TS2345: Argument of type 'ProcessWithChildren[]' is not assignable to parameter of type 'Process[]'.
  Type 'ProcessWithChildren' is not assignable to type 'Process'.
    Type 'ProcessWithChildren' is not assignable to type '{ children: { id: string; name: string; parentId: string | null; }[]; users: { theme: string | null; id: string; name: string; updatedAt: Date | null; email: string; password: string; avatar: string | null; ... 9 more ...; processId: string | null; }[]; }'.
      Types of property 'users' are incompatible.
        Type 'Pick<User, "id" | "name" | "avatar">[]' is not assignable to type '{ theme: string | null; id: string; name: string; updatedAt: Date | null; email: string; password: string; avatar: string | null; role: UserRole; registeredDate: Date | null; ... 7 more ...; processId: string | null; }[]'.
          Type 'Pick<User, "id" | "name" | "avatar">' is missing the following properties from type '{ theme: string | null; id: string; name: string; updatedAt: Date | null; email: string; password: string; avatar: string | null; role: UserRole; registeredDate: Date | null; ... 7 more ...; processId: string | null; }': theme, updatedAt, email, password, and 10 more.
src/components/users/page.tsx(486,146): error TS2322: Type 'ProcessWithChildren[]' is not assignable to type 'Process[]'.
  Type 'ProcessWithChildren' is not assignable to type 'Process'.
    Type 'ProcessWithChildren' is not assignable to type '{ children: { id: string; name: string; parentId: string | null; }[]; users: { theme: string | null; id: string; name: string; updatedAt: Date | null; email: string; password: string; avatar: string | null; ... 9 more ...; processId: string | null; }[]; }'.
      Types of property 'users' are incompatible.
        Type 'Pick<User, "id" | "name" | "avatar">[]' is not assignable to type '{ theme: string | null; id: string; name: string; updatedAt: Date | null; email: string; password: string; avatar: string | null; role: UserRole; registeredDate: Date | null; ... 7 more ...; processId: string | null; }[]'.
          Type 'Pick<User, "id" | "name" | "avatar">' is missing the following properties from type '{ theme: string | null; id: string; name: string; updatedAt: Date | null; email: string; password: string; avatar: string | null; role: UserRole; registeredDate: Date | null; ... 7 more ...; processId: string | null; }': theme, updatedAt, email, password, and 10 more.
src/components/users/page.tsx(487,192): error TS2322: Type 'ProcessWithChildren[]' is not assignable to type 'Process[]'.
  Type 'ProcessWithChildren' is not assignable to type 'Process'.
    Type 'ProcessWithChildren' is not assignable to type '{ children: { id: string; name: string; parentId: string | null; }[]; users: { theme: string | null; id: string; name: string; updatedAt: Date | null; email: string; password: string; avatar: string | null; ... 9 more ...; processId: string | null; }[]; }'.
      Types of property 'users' are incompatible.
        Type 'Pick<User, "id" | "name" | "avatar">[]' is not assignable to type '{ theme: string | null; id: string; name: string; updatedAt: Date | null; email: string; password: string; avatar: string | null; role: UserRole; registeredDate: Date | null; ... 7 more ...; processId: string | null; }[]'.
          Type 'Pick<User, "id" | "name" | "avatar">' is missing the following properties from type '{ theme: string | null; id: string; name: string; updatedAt: Date | null; email: string; password: string; avatar: string | null; role: UserRole; registeredDate: Date | null; ... 7 more ...; processId: string | null; }': theme, updatedAt, email, password, and 10 more.
src/components/users/users-page.tsx(46,11): error TS2430: Interface 'ProcessWithChildren' incorrectly extends interface 'Process'.
  Type 'ProcessWithChildren' is not assignable to type '{ children: { id: string; name: string; parentId: string | null; }[]; users: { theme: string | null; id: string; name: string; updatedAt: Date | null; email: string; password: string; avatar: string | null; ... 9 more ...; processId: string | null; }[]; }'.
    Types of property 'users' are incompatible.
      Type 'Pick<User, "id" | "name" | "avatar">[]' is not assignable to type '{ theme: string | null; id: string; name: string; updatedAt: Date | null; email: string; password: string; avatar: string | null; role: UserRole; registeredDate: Date | null; ... 7 more ...; processId: string | null; }[]'.
        Type 'Pick<User, "id" | "name" | "avatar">' is missing the following properties from type '{ theme: string | null; id: string; name: string; updatedAt: Date | null; email: string; password: string; avatar: string | null; role: UserRole; registeredDate: Date | null; ... 7 more ...; processId: string | null; }': theme, updatedAt, email, password, and 10 more.
src/components/users/users-page.tsx(212,36): error TS2304: Cannot find name 'id'.
src/components/users/users-page.tsx(302,49): error TS2345: Argument of type 'ProcessWithChildren[]' is not assignable to parameter of type 'Process[]'.
  Type 'ProcessWithChildren' is not assignable to type 'Process'.
    Type 'ProcessWithChildren' is not assignable to type '{ children: { id: string; name: string; parentId: string | null; }[]; users: { theme: string | null; id: string; name: string; updatedAt: Date | null; email: string; password: string; avatar: string | null; ... 9 more ...; processId: string | null; }[]; }'.
      Types of property 'users' are incompatible.
        Type 'Pick<User, "id" | "name" | "avatar">[]' is not assignable to type '{ theme: string | null; id: string; name: string; updatedAt: Date | null; email: string; password: string; avatar: string | null; role: UserRole; registeredDate: Date | null; ... 7 more ...; processId: string | null; }[]'.
          Type 'Pick<User, "id" | "name" | "avatar">' is missing the following properties from type '{ theme: string | null; id: string; name: string; updatedAt: Date | null; email: string; password: string; avatar: string | null; role: UserRole; registeredDate: Date | null; ... 7 more ...; processId: string | null; }': theme, updatedAt, email, password, and 10 more.
src/components/users/users-page.tsx(443,70): error TS2304: Cannot find name 'UserTable'.
src/components/users/users-page.tsx(487,146): error TS2322: Type 'ProcessWithChildren[]' is not assignable to type 'Process[]'.
  Type 'ProcessWithChildren' is not assignable to type 'Process'.
    Type 'ProcessWithChildren' is not assignable to type '{ children: { id: string; name: string; parentId: string | null; }[]; users: { theme: string | null; id: string; name: string; updatedAt: Date | null; email: string; password: string; avatar: string | null; ... 9 more ...; processId: string | null; }[]; }'.
      Types of property 'users' are incompatible.
        Type 'Pick<User, "id" | "name" | "avatar">[]' is not assignable to type '{ theme: string | null; id: string; name: string; updatedAt: Date | null; email: string; password: string; avatar: string | null; role: UserRole; registeredDate: Date | null; ... 7 more ...; processId: string | null; }[]'.
          Type 'Pick<User, "id" | "name" | "avatar">' is missing the following properties from type '{ theme: string | null; id: string; name: string; updatedAt: Date | null; email: string; password: string; avatar: string | null; role: UserRole; registeredDate: Date | null; ... 7 more ...; processId: string | null; }': theme, updatedAt, email, password, and 10 more.
src/components/users/users-page.tsx(488,192): error TS2322: Type 'ProcessWithChildren[]' is not assignable to type 'Process[]'.
  Type 'ProcessWithChildren' is not assignable to type 'Process'.
    Type 'ProcessWithChildren' is not assignable to type '{ children: { id: string; name: string; parentId: string | null; }[]; users: { theme: string | null; id: string; name: string; updatedAt: Date | null; email: string; password: string; avatar: string | null; ... 9 more ...; processId: string | null; }[]; }'.
      Types of property 'users' are incompatible.
        Type 'Pick<User, "id" | "name" | "avatar">[]' is not assignable to type '{ theme: string | null; id: string; name: string; updatedAt: Date | null; email: string; password: string; avatar: string | null; role: UserRole; registeredDate: Date | null; ... 7 more ...; processId: string | null; }[]'.
          Type 'Pick<User, "id" | "name" | "avatar">' is missing the following properties from type '{ theme: string | null; id: string; name: string; updatedAt: Date | null; email: string; password: string; avatar: string | null; role: UserRole; registeredDate: Date | null; ... 7 more ...; processId: string | null; }': theme, updatedAt, email, password, and 10 more.
src/lib/auth.ts(43,13): error TS2339: Property 'set' does not exist on type 'Promise<ReadonlyRequestCookies>'.
src/lib/auth.ts(53,13): error TS2339: Property 'set' does not exist on type 'Promise<ReadonlyRequestCookies>'.
src/lib/auth.ts(61,37): error TS2339: Property 'get' does not exist on type 'Promise<ReadonlyRequestCookies>'.
src/lib/course-utils.ts(61,5): error TS2322: Type 'string | undefined' is not assignable to type 'string'.
  Type 'undefined' is not assignable to type 'string'.
src/lib/fonts.ts(34,28): error TS2339: Property 'variable' does not exist on type 'NextFont'.
src/lib/fonts.ts(34,49): error TS2339: Property 'variable' does not exist on type 'NextFont'.
src/lib/gamification.ts(69,21): error TS2353: Object literal may only specify known properties, and 'isMotivational' does not exist in type 'Without<NotificationCreateInput, NotificationUncheckedCreateInput> & NotificationUncheckedCreateInput'.
src/lib/gamification.ts(114,22): error TS2322: Type 'string' is not assignable to type 'AchievementSlug | undefined'.
src/lib/gamification.ts(229,41): error TS2322: Type 'string' is not assignable to type 'AchievementSlug | EnumAchievementSlugFilter<"Achievement"> | undefined'.
src/lib/progress.ts(49,50): error TS2345: Argument of type '"LESSON_COMPLETION"' is not assignable to parameter of type 'MotivationalMessageTriggerType'.
src/lib/security-log-utils.ts(60,35): error TS2339: Property 'replace' does not exist on type 'never'.
src/lib/types.ts(152,18): error TS2430: Interface 'Course' incorrectly extends interface 'Omit<{ id: string; updatedAt: Date; description: string | null; title: string; createdAt: Date; imageUrl: string | null; category: string | null; status: CourseStatus; ... 6 more ...; certificateTemplateId: string | null; }, "isMandatory" | ... 4 more ... | "prerequisite">'.
  Types of property 'publicationDate' are incompatible.
    Type 'Date | null | undefined' is not assignable to type 'Date | null'.
      Type 'undefined' is not assignable to type 'Date | null'.
src/lib/types.ts(216,18): error TS2430: Interface 'AppResourceType' incorrectly extends interface 'Omit<{ sharedWithProcesses: { id: string; name: string; parentId: string | null; }[]; quiz: ({ questions: ({ options: { id: string; points: number; imageUrl: string | null; text: string; isCorrect: boolean; feedback: string | null; questionId: string; }[]; } & { ...; })[]; } & { ...; }) | null; } & { ...; }, "tags" ...'.
  Types of property 'sharedWithProcesses' are incompatible.
    Type 'Pick<{ children: { id: string; name: string; parentId: string | null; }[]; users: { theme: string | null; id: string; name: string; updatedAt: Date | null; email: string; password: string; ... 10 more ...; processId: string | null; }[]; } & { ...; }, "id" | "name">[] | undefined' is not assignable to type '{ id: string; name: string; parentId: string | null; }[]'.
      Type 'undefined' is not assignable to type '{ id: string; name: string; parentId: string | null; }[]'.
src/lib/types.ts(303,24): error TS2694: Namespace '"C:/Users/LENOVO/Finalization/Finalmente-NexusAlpri/node_modules/.prisma/client/index".Prisma' has no exported member 'RecurrenceType'.
src/lib/types.ts(390,43): error TS2724: '"C:/Users/LENOVO/Finalization/Finalmente-NexusAlpri/node_modules/.prisma/client/index".Prisma' has no exported member named 'FormFieldOptionGetPayload'. Did you mean 'FormFieldGetPayload'?
src/lib/types.ts(394,59): error TS2344: Type '{ include: { options: true; }; }' does not satisfy the constraint 'boolean | FormFieldDefaultArgs<DefaultArgs> | null | undefined'.
  Type '{ include: { options: true; }; }' is not assignable to type 'FormFieldDefaultArgs<DefaultArgs>'.
    Types of property 'include' are incompatible.
      Type '{ options: true; }' has no properties in common with type 'FormFieldInclude<DefaultArgs>'.
src/lib/types.ts(402,50): error TS2344: Type '{ include: { fields: { include: { options: true; }; }; _count: { select: { responses: true; }; }; creator: { select: { name: true; }; }; sharedWith: { select: { id: true; name: true; avatar: true; }; }; }; }' does not satisfy the constraint 'boolean | FormDefaultArgs<DefaultArgs> | null | undefined'.
  Type '{ include: { fields: { include: { options: true; }; }; _count: { select: { responses: true; }; }; creator: { select: { name: true; }; }; sharedWith: { select: { id: true; name: true; avatar: true; }; }; }; }' is not assignable to type 'FormDefaultArgs<DefaultArgs>'.
    The types of 'include.fields' are incompatible between these types.
      Type '{ include: { options: true; }; }' is not assignable to type 'boolean | Form$fieldsArgs<DefaultArgs> | undefined'.
        Type '{ include: { options: true; }; }' is not assignable to type 'Form$fieldsArgs<DefaultArgs>'.
          Types of property 'include' are incompatible.
            Type '{ options: true; }' has no properties in common with type 'FormFieldInclude<DefaultArgs>'.
src/lib/utils.ts(123,5): error TS2353: Object literal may only specify known properties, and 'LESSON_COMPLETION' does not exist in type 'Record<MotivationalMessageTriggerType, string>'.
src/prisma/seed.ts(2,94): error TS2305: Module '"@prisma/client"' has no exported member 'RoadmapPhase'.
src/prisma/seed.ts(193,7): error TS2322: Type '{ title: string; }' is not assignable to type 'RoadmapItemWhereUniqueInput'.
  Type '{ title: string; }' is not assignable to type '{ id: string; } & { id?: string | undefined; AND?: RoadmapItemWhereInput | RoadmapItemWhereInput[] | undefined; OR?: RoadmapItemWhereInput[] | undefined; ... 9 more ...; imageUrl?: string | ... 2 more ... | undefined; }'.
    Property 'id' is missing in type '{ title: string; }' but required in type '{ id: string; }'.
src/prisma/seed.ts(262,238): error TS2353: Object literal may only specify known properties, and 'ispublic' does not exist in type 'Without<EnterpriseResourceCreateInput, EnterpriseResourceUncheckedCreateInput> & EnterpriseResourceUncheckedCreateInput'.
src/prisma/seed.ts(263,274): error TS2353: Object literal may only specify known properties, and 'ispublic' does not exist in type 'Without<EnterpriseResourceCreateInput, EnterpriseResourceUncheckedCreateInput> & EnterpriseResourceUncheckedCreateInput'.
src/tailwind.config.ts(142,68): error TS2322: Type 'number' is not assignable to type 'string'.
src/tailwind.config.ts(143,68): error TS2322: Type 'number' is not assignable to type 'string'.
src/tailwind.config.ts(144,67): error TS2322: Type 'number' is not assignable to type 'string'.
src/tailwind.config.ts(145,68): error TS2322: Type 'number' is not assignable to type 'string'.
src/tailwind.config.ts(148,68): error TS2322: Type 'number' is not assignable to type 'string'.
src/tailwind.config.ts(149,68): error TS2322: Type 'number' is not assignable to type 'string'.
src/tailwind.config.ts(150,68): error TS2322: Type 'number' is not assignable to type 'string'.
src/tailwind.config.ts(151,63): error TS2322: Type 'number' is not assignable to type 'string'.
src/tailwind.config.ts(154,68): error TS2322: Type 'number' is not assignable to type 'string'.
src/tailwind.config.ts(155,67): error TS2322: Type 'number' is not assignable to type 'string'.
src/tailwind.config.ts(156,69): error TS2322: Type 'number' is not assignable to type 'string'.
src/tailwind.config.ts(157,66): error TS2322: Type 'number' is not assignable to type 'string'.
src/types.ts(153,18): error TS2430: Interface 'Course' incorrectly extends interface 'Omit<{ id: string; updatedAt: Date; description: string | null; title: string; createdAt: Date; imageUrl: string | null; category: string | null; status: CourseStatus; ... 6 more ...; certificateTemplateId: string | null; }, "isMandatory" | ... 4 more ... | "prerequisite">'.
  Types of property 'publicationDate' are incompatible.
    Type 'Date | null | undefined' is not assignable to type 'Date | null'.
      Type 'undefined' is not assignable to type 'Date | null'.
src/types.ts(217,18): error TS2430: Interface 'AppResourceType' incorrectly extends interface 'Omit<{ sharedWithProcesses: { id: string; name: string; parentId: string | null; }[]; collaborators: { theme: string | null; id: string; name: string; updatedAt: Date | null; email: string; ... 11 more ...; processId: string | null; }[]; quiz: ({ ...; } & { ...; }) | null; } & { ...; }, "tags" | ... 1 more ... | "fi...'.
  Types of property 'sharedWithProcesses' are incompatible.
    Type 'Pick<Process, "id" | "name">[] | undefined' is not assignable to type '{ id: string; name: string; parentId: string | null; }[]'.
      Type 'undefined' is not assignable to type '{ id: string; name: string; parentId: string | null; }[]'.
src/types.ts(304,24): error TS2694: Namespace '"C:/Users/LENOVO/Finalization/Finalmente-NexusAlpri/node_modules/.prisma/client/index".Prisma' has no exported member 'RecurrenceType'.
src/types.ts(391,43): error TS2724: '"C:/Users/LENOVO/Finalization/Finalmente-NexusAlpri/node_modules/.prisma/client/index".Prisma' has no exported member named 'FormFieldOptionGetPayload'. Did you mean 'FormFieldGetPayload'?
src/types.ts(395,59): error TS2344: Type '{ include: { options: true; }; }' does not satisfy the constraint 'boolean | FormFieldDefaultArgs<DefaultArgs> | null | undefined'.
  Type '{ include: { options: true; }; }' is not assignable to type 'FormFieldDefaultArgs<DefaultArgs>'.
    Types of property 'include' are incompatible.
      Type '{ options: true; }' has no properties in common with type 'FormFieldInclude<DefaultArgs>'.
src/types.ts(404,50): error TS2344: Type '{ include: { fields: { include: { options: true; }; }; _count: { select: { responses: true; }; }; creator: { select: { name: true; }; }; sharedWith: { select: { id: true; name: true; avatar: true; }; }; }; }' does not satisfy the constraint 'boolean | FormDefaultArgs<DefaultArgs> | null | undefined'.
  Type '{ include: { fields: { include: { options: true; }; }; _count: { select: { responses: true; }; }; creator: { select: { name: true; }; }; sharedWith: { select: { id: true; name: true; avatar: true; }; }; }; }' is not assignable to type 'FormDefaultArgs<DefaultArgs>'.
    The types of 'include.fields' are incompatible between these types.
      Type '{ include: { options: true; }; }' is not assignable to type 'boolean | Form$fieldsArgs<DefaultArgs> | undefined'.
        Type '{ include: { options: true; }; }' is not assignable to type 'Form$fieldsArgs<DefaultArgs>'.
          Types of property 'include' are incompatible.
            Type '{ options: true; }' has no properties in common with type 'FormFieldInclude<DefaultArgs>'.
tailwind.config.ts(142,68): error TS2322: Type 'number' is not assignable to type 'string'.
tailwind.config.ts(143,68): error TS2322: Type 'number' is not assignable to type 'string'.
tailwind.config.ts(144,67): error TS2322: Type 'number' is not assignable to type 'string'.
tailwind.config.ts(145,68): error TS2322: Type 'number' is not assignable to type 'string'.
tailwind.config.ts(148,68): error TS2322: Type 'number' is not assignable to type 'string'.
tailwind.config.ts(149,68): error TS2322: Type 'number' is not assignable to type 'string'.
tailwind.config.ts(150,68): error TS2322: Type 'number' is not assignable to type 'string'.
tailwind.config.ts(151,63): error TS2322: Type 'number' is not assignable to type 'string'.
tailwind.config.ts(154,68): error TS2322: Type 'number' is not assignable to type 'string'.
tailwind.config.ts(155,67): error TS2322: Type 'number' is not assignable to type 'string'.
tailwind.config.ts(156,69): error TS2322: Type 'number' is not assignable to type 'string'.
tailwind.config.ts(157,66): error TS2322: Type 'number' is not assignable to type 'string'.
vercel/path0/src/app/(app)/enrollments/page.tsx(96,11): error TS2430: Interface 'CourseEnrollmentInfo' incorrectly extends interface 'Omit<Course, "_count">'.
  Types of property 'modules' are incompatible.
    Type '{ id: string; title: string; order: number; lessons: { id: string; title: string; order: number; contentBlocks: { quiz: { id: string; title: string; } | null; }[]; }[]; }[]' is not assignable to type 'Module[]'.
      Type '{ id: string; title: string; order: number; lessons: { id: string; title: string; order: number; contentBlocks: { quiz: { id: string; title: string; } | null; }[]; }[]; }' is not assignable to type 'Module'.
        Types of property 'lessons' are incompatible.
          Type '{ id: string; title: string; order: number; contentBlocks: { quiz: { id: string; title: string; } | null; }[]; }[]' is not assignable to type 'Lesson[]'.
            Type '{ id: string; title: string; order: number; contentBlocks: { quiz: { id: string; title: string; } | null; }[]; }' is not assignable to type 'Lesson'.
              Types of property 'contentBlocks' are incompatible.
                Type '{ quiz: { id: string; title: string; } | null; }[]' is not assignable to type 'ContentBlock[]'.
                  Type '{ quiz: { id: string; title: string; } | null; }' is missing the following properties from type 'ContentBlock': id, type, order
vercel/path0/src/components/resources/resource-editor-modal.tsx(458,137): error TS2322: Type '{ value: string; onChange: Dispatch<SetStateAction<string>>; className: string; }' is not assignable to type 'IntrinsicAttributes & RichTextEditorProps'.
  Property 'className' does not exist on type 'IntrinsicAttributes & RichTextEditorProps'.
